<html>
<body>
<pre>
<h1>µVision Build Log</h1>
<h2>Tool Versions:</h2>
IDE-Version: µVision V5.21.1.0
Copyright (C) 2016 ARM Ltd and ARM Germany GmbH. All rights reserved.
License Information: Robert Jones University of Regina Flex license: MDK-ARM Professional: 100 user(s) (mdk_pro) Operation stops: 4 Sep 2019
 
Tool Versions:
Toolchain:       MDK-ARM Professional: 100 user(s)  Version: 5.21a
Toolchain Path:  C:\Keil_v5\ARM\ARMCC\Bin
C Compiler:      Armcc.exe V5.06 update 3 (build 300)
Assembler:       Armasm.exe V5.06 update 3 (build 300)
Linker/Locator:  ArmLink.exe V5.06 update 3 (build 300)
Library Manager: ArmAr.exe V5.06 update 3 (build 300)
Hex Converter:   FromElf.exe V5.06 update 3 (build 300)
CPU DLL:         SARMCM3.DLL V5.21a
Dialog DLL:      DCM.DLL V1.13.8.0
Target DLL:      STLink\ST-LINKIII-KEIL_SWO.dll V2.0.18.0
Dialog DLL:      TCM.DLL V1.14.14.0
 
<h2>Project:</h2>
F:\Project\test\Accel_test\MDK-ARM\Accel_test.uvprojx
Project File Date:  01/18/2019

<h2>Output:</h2>
*** Using Compiler 'V5.06 update 3 (build 300)', folder: 'C:\Keil_v5\ARM\ARMCC\Bin'
Build target 'Accel_test'
compiling accel_i2c.c...
..\Src\accel_i2c.c(82): warning:  #940-D: missing return statement at end of non-void function "getAccel"
  }
..\Src\accel_i2c.c(61): warning:  #550-D: variable "accel_x" was set but never used
  	int16_t accel_x, accel_y, accel_z;
..\Src\accel_i2c.c(61): warning:  #550-D: variable "accel_y" was set but never used
  	int16_t accel_x, accel_y, accel_z;
..\Src\accel_i2c.c(74): warning:  #177-D: variable "z1" was declared but never referenced
  	float z1 = 2.596;
..\Src\accel_i2c.c(91): warning:  #177-D: variable "hex_tmp" was declared but never referenced
  	char hex_tmp[33];
..\Src\accel_i2c.c(115): warning:  #177-D: variable "mesg" was declared but never referenced
  	char mesg[25];
..\Src\accel_i2c.c: 6 warnings, 0 errors
linking...
Program Size: Code=11908 RO-data=344 RW-data=16 ZI-data=1328  
FromELF: creating hex file...
"Accel_test\Accel_test.axf" - 0 Error(s), 6 Warning(s).

<h2>Software Packages used:</h2>

Package Vendor: ARM
                http://www.keil.com/pack/ARM.CMSIS.4.5.0.pack
                ARM::CMSIS:CORE:4.3.0
                CMSIS (Cortex Microcontroller Software Interface Standard)
   * Component: CORE Version: 4.3.0

<h2>Collection of Component include folders:</h2>
  F:\Project\test\Accel_test\MDK-ARM\RTE
  C:\Keil_v5\ARM\PACK\ARM\CMSIS\4.5.0\CMSIS\Include
  C:\Keil_v5\ARM\PACK\Keil\STM32F1xx_DFP\2.3.0\Device\Include

<h2>Collection of Component Files used:</h2>

   * Component: ARM::CMSIS:CORE:4.3.0
Build Time Elapsed:  00:00:03
</pre>
</body>
</html>
