Component: ARM Compiler 5.06 update 6 (build 750) Tool: armlink [4d35ed]

==============================================================================

Section Cross References

    startup_stm32f100xb.o(RESET) refers to startup_stm32f100xb.o(STACK) for __initial_sp
    startup_stm32f100xb.o(RESET) refers to startup_stm32f100xb.o(.text) for Reset_Handler
    startup_stm32f100xb.o(RESET) refers to stm32f1xx_it.o(i.NMI_Handler) for NMI_Handler
    startup_stm32f100xb.o(RESET) refers to stm32f1xx_it.o(i.HardFault_Handler) for HardFault_Handler
    startup_stm32f100xb.o(RESET) refers to stm32f1xx_it.o(i.MemManage_Handler) for MemManage_Handler
    startup_stm32f100xb.o(RESET) refers to stm32f1xx_it.o(i.BusFault_Handler) for BusFault_Handler
    startup_stm32f100xb.o(RESET) refers to stm32f1xx_it.o(i.UsageFault_Handler) for UsageFault_Handler
    startup_stm32f100xb.o(RESET) refers to stm32f1xx_it.o(i.SVC_Handler) for SVC_Handler
    startup_stm32f100xb.o(RESET) refers to stm32f1xx_it.o(i.DebugMon_Handler) for DebugMon_Handler
    startup_stm32f100xb.o(RESET) refers to stm32f1xx_it.o(i.PendSV_Handler) for PendSV_Handler
    startup_stm32f100xb.o(RESET) refers to stm32f1xx_it.o(i.SysTick_Handler) for SysTick_Handler
    startup_stm32f100xb.o(RESET) refers to stm32f1xx_it.o(i.USART1_IRQHandler) for USART1_IRQHandler
    startup_stm32f100xb.o(RESET) refers to stm32f1xx_it.o(i.USART2_IRQHandler) for USART2_IRQHandler
    startup_stm32f100xb.o(.text) refers to system_stm32f1xx.o(i.SystemInit) for SystemInit
    startup_stm32f100xb.o(.text) refers to entry.o(.ARM.Collect$$$$00000000) for __main
    main.o(i.MX_GPIO_Init) refers to stm32f1xx_hal_gpio.o(i.HAL_GPIO_WritePin) for HAL_GPIO_WritePin
    main.o(i.MX_GPIO_Init) refers to stm32f1xx_hal_gpio.o(i.HAL_GPIO_Init) for HAL_GPIO_Init
    main.o(i.MX_SPI1_Init) refers to stm32f1xx_hal_spi_ex.o(i.HAL_SPI_Init) for HAL_SPI_Init
    main.o(i.MX_SPI1_Init) refers to main.o(.bss) for .bss
    main.o(i.SystemClock_Config) refers to memseta.o(.text) for __aeabi_memclr4
    main.o(i.SystemClock_Config) refers to stm32f1xx_hal_rcc.o(i.HAL_RCC_OscConfig) for HAL_RCC_OscConfig
    main.o(i.SystemClock_Config) refers to stm32f1xx_hal_rcc.o(i.HAL_RCC_ClockConfig) for HAL_RCC_ClockConfig
    main.o(i.main) refers to stm32f1xx_hal.o(i.HAL_Init) for HAL_Init
    main.o(i.main) refers to main.o(i.SystemClock_Config) for SystemClock_Config
    main.o(i.main) refers to main.o(i.MX_GPIO_Init) for MX_GPIO_Init
    main.o(i.main) refers to stm32f1xx_hal_uart.o(i.HAL_UART_Init) for HAL_UART_Init
    main.o(i.main) refers to main.o(i.MX_SPI1_Init) for MX_SPI1_Init
    main.o(i.main) refers to stm32f1xx_hal_i2c.o(i.HAL_I2C_Init) for HAL_I2C_Init
    main.o(i.main) refers to uart.o(i.print_str) for print_str
    main.o(i.main) refers to stm32f1xx_hal_gpio.o(i.HAL_GPIO_ReadPin) for HAL_GPIO_ReadPin
    main.o(i.main) refers to stm32f1xx_hal_gpio.o(i.HAL_GPIO_WritePin) for HAL_GPIO_WritePin
    main.o(i.main) refers to main.o(.bss) for .bss
    stm32f1xx_it.o(i.SysTick_Handler) refers to stm32f1xx_hal.o(i.HAL_IncTick) for HAL_IncTick
    stm32f1xx_it.o(i.USART1_IRQHandler) refers to stm32f1xx_hal_uart.o(i.HAL_UART_IRQHandler) for HAL_UART_IRQHandler
    stm32f1xx_it.o(i.USART1_IRQHandler) refers to main.o(.bss) for huart1
    stm32f1xx_it.o(i.USART2_IRQHandler) refers to stm32f1xx_hal_uart.o(i.HAL_UART_IRQHandler) for HAL_UART_IRQHandler
    stm32f1xx_it.o(i.USART2_IRQHandler) refers to main.o(.bss) for huart2
    stm32f1xx_hal_msp.o(i.HAL_I2C_MspDeInit) refers to stm32f1xx_hal_gpio.o(i.HAL_GPIO_DeInit) for HAL_GPIO_DeInit
    stm32f1xx_hal_msp.o(i.HAL_I2C_MspInit) refers to stm32f1xx_hal_gpio.o(i.HAL_GPIO_Init) for HAL_GPIO_Init
    stm32f1xx_hal_msp.o(i.HAL_SPI_MspDeInit) refers to stm32f1xx_hal_gpio.o(i.HAL_GPIO_DeInit) for HAL_GPIO_DeInit
    stm32f1xx_hal_msp.o(i.HAL_SPI_MspInit) refers to stm32f1xx_hal_gpio.o(i.HAL_GPIO_Init) for HAL_GPIO_Init
    stm32f1xx_hal_msp.o(i.HAL_UART_MspDeInit) refers to stm32f1xx_hal_gpio.o(i.HAL_GPIO_DeInit) for HAL_GPIO_DeInit
    stm32f1xx_hal_msp.o(i.HAL_UART_MspDeInit) refers to stm32f1xx_hal_cortex.o(i.HAL_NVIC_DisableIRQ) for HAL_NVIC_DisableIRQ
    stm32f1xx_hal_msp.o(i.HAL_UART_MspInit) refers to stm32f1xx_hal_gpio.o(i.HAL_GPIO_Init) for HAL_GPIO_Init
    stm32f1xx_hal_msp.o(i.HAL_UART_MspInit) refers to stm32f1xx_hal_cortex.o(i.HAL_NVIC_SetPriority) for HAL_NVIC_SetPriority
    stm32f1xx_hal_msp.o(i.HAL_UART_MspInit) refers to stm32f1xx_hal_cortex.o(i.HAL_NVIC_EnableIRQ) for HAL_NVIC_EnableIRQ
    uart.o(i.print_str) refers to strlen.o(.text) for strlen
    uart.o(i.print_str) refers to uart.o(i.uart_send_message) for uart_send_message
    uart.o(i.uart_send_message) refers to stm32f1xx_hal_uart.o(i.HAL_UART_Transmit) for HAL_UART_Transmit
    uart.o(i.uart_send_message) refers to main.o(.bss) for huart2
    stm32f1xx_hal_i2c.o(i.HAL_I2C_DeInit) refers to stm32f1xx_hal_msp.o(i.HAL_I2C_MspDeInit) for HAL_I2C_MspDeInit
[...]
    stm32f1xx_hal_spi.o(i.HAL_SPI_TransmitReceive) refers to stm32f1xx_hal_spi.o(i.SPI_CheckFlag_BSY) for SPI_CheckFlag_BSY
    stm32f1xx_hal_spi.o(i.HAL_SPI_TransmitReceive_DMA) refers to stm32f1xx_hal_dma.o(i.HAL_DMA_Start_IT) for HAL_DMA_Start_IT
    stm32f1xx_hal_spi.o(i.HAL_SPI_TransmitReceive_DMA) refers to stm32f1xx_hal_spi.o(i.SPI_DMAHalfTransmitReceiveCplt) for SPI_DMAHalfTransmitReceiveCplt
    stm32f1xx_hal_spi.o(i.HAL_SPI_TransmitReceive_DMA) refers to stm32f1xx_hal_spi.o(i.SPI_DMATransmitReceiveCplt) for SPI_DMATransmitReceiveCplt
    stm32f1xx_hal_spi.o(i.HAL_SPI_TransmitReceive_DMA) refers to stm32f1xx_hal_spi.o(i.SPI_DMAError) for SPI_DMAError
    stm32f1xx_hal_spi.o(i.HAL_SPI_TransmitReceive_DMA) refers to stm32f1xx_hal_spi.o(i.SPI_DMAHalfReceiveCplt) for SPI_DMAHalfReceiveCplt
    stm32f1xx_hal_spi.o(i.HAL_SPI_TransmitReceive_DMA) refers to stm32f1xx_hal_spi.o(i.SPI_DMAReceiveCplt) for SPI_DMAReceiveCplt
    stm32f1xx_hal_spi.o(i.HAL_SPI_TransmitReceive_IT) refers to stm32f1xx_hal_spi.o(i.SPI_2linesRxISR_16BIT) for SPI_2linesRxISR_16BIT
    stm32f1xx_hal_spi.o(i.HAL_SPI_TransmitReceive_IT) refers to stm32f1xx_hal_spi.o(i.SPI_2linesTxISR_16BIT) for SPI_2linesTxISR_16BIT
    stm32f1xx_hal_spi.o(i.HAL_SPI_TransmitReceive_IT) refers to stm32f1xx_hal_spi.o(i.SPI_2linesRxISR_8BIT) for SPI_2linesRxISR_8BIT
    stm32f1xx_hal_spi.o(i.HAL_SPI_TransmitReceive_IT) refers to stm32f1xx_hal_spi.o(i.SPI_2linesTxISR_8BIT) for SPI_2linesTxISR_8BIT
    stm32f1xx_hal_spi.o(i.HAL_SPI_Transmit_DMA) refers to stm32f1xx_hal_dma.o(i.HAL_DMA_Start_IT) for HAL_DMA_Start_IT
    stm32f1xx_hal_spi.o(i.HAL_SPI_Transmit_DMA) refers to stm32f1xx_hal_spi.o(i.SPI_DMAHalfTransmitCplt) for SPI_DMAHalfTransmitCplt
    stm32f1xx_hal_spi.o(i.HAL_SPI_Transmit_DMA) refers to stm32f1xx_hal_spi.o(i.SPI_DMATransmitCplt) for SPI_DMATransmitCplt
    stm32f1xx_hal_spi.o(i.HAL_SPI_Transmit_DMA) refers to stm32f1xx_hal_spi.o(i.SPI_DMAError) for SPI_DMAError
    stm32f1xx_hal_spi.o(i.HAL_SPI_Transmit_IT) refers to stm32f1xx_hal_spi.o(i.SPI_TxISR_16BIT) for SPI_TxISR_16BIT
    stm32f1xx_hal_spi.o(i.HAL_SPI_Transmit_IT) refers to stm32f1xx_hal_spi.o(i.SPI_TxISR_8BIT) for SPI_TxISR_8BIT
    stm32f1xx_hal_spi.o(i.SPI_2linesRxISR_16BIT) refers to stm32f1xx_hal_spi.o(i.SPI_CloseRxTx_ISR) for SPI_CloseRxTx_ISR
    stm32f1xx_hal_spi.o(i.SPI_2linesRxISR_8BIT) refers to stm32f1xx_hal_spi.o(i.SPI_CloseRxTx_ISR) for SPI_CloseRxTx_ISR
    stm32f1xx_hal_spi.o(i.SPI_2linesTxISR_16BIT) refers to stm32f1xx_hal_spi.o(i.SPI_CloseRxTx_ISR) for SPI_CloseRxTx_ISR
    stm32f1xx_hal_spi.o(i.SPI_2linesTxISR_8BIT) refers to stm32f1xx_hal_spi.o(i.SPI_CloseRxTx_ISR) for SPI_CloseRxTx_ISR
    stm32f1xx_hal_spi.o(i.SPI_AbortRx_ISR) refers to system_stm32f1xx.o(.data) for SystemCoreClock
    stm32f1xx_hal_spi.o(i.SPI_CheckFlag_BSY) refers to stm32f1xx_hal_spi.o(i.SPI_WaitFlagStateUntilTimeout) for SPI_WaitFlagStateUntilTimeout
    stm32f1xx_hal_spi.o(i.SPI_CloseRxTx_ISR) refers to stm32f1xx_hal.o(i.HAL_GetTick) for HAL_GetTick
    stm32f1xx_hal_spi.o(i.SPI_CloseRxTx_ISR) refers to stm32f1xx_hal_spi.o(i.SPI_CheckFlag_BSY) for SPI_CheckFlag_BSY
    stm32f1xx_hal_spi.o(i.SPI_CloseRxTx_ISR) refers to stm32f1xx_hal_spi.o(i.HAL_SPI_ErrorCallback) for HAL_SPI_ErrorCallback
    stm32f1xx_hal_spi.o(i.SPI_CloseRxTx_ISR) refers to stm32f1xx_hal_spi.o(i.HAL_SPI_TxRxCpltCallback) for HAL_SPI_TxRxCpltCallback
    stm32f1xx_hal_spi.o(i.SPI_CloseRxTx_ISR) refers to stm32f1xx_hal_spi.o(i.HAL_SPI_RxCpltCallback) for HAL_SPI_RxCpltCallback
    stm32f1xx_hal_spi.o(i.SPI_CloseRxTx_ISR) refers to system_stm32f1xx.o(.data) for SystemCoreClock
    stm32f1xx_hal_spi.o(i.SPI_CloseRx_ISR) refers to stm32f1xx_hal_spi.o(i.HAL_SPI_ErrorCallback) for HAL_SPI_ErrorCallback
    stm32f1xx_hal_spi.o(i.SPI_CloseRx_ISR) refers to stm32f1xx_hal_spi.o(i.HAL_SPI_RxCpltCallback) for HAL_SPI_RxCpltCallback
    stm32f1xx_hal_spi.o(i.SPI_CloseTx_ISR) refers to stm32f1xx_hal.o(i.HAL_GetTick) for HAL_GetTick
    stm32f1xx_hal_spi.o(i.SPI_CloseTx_ISR) refers to stm32f1xx_hal_spi.o(i.SPI_CheckFlag_BSY) for SPI_CheckFlag_BSY
    stm32f1xx_hal_spi.o(i.SPI_CloseTx_ISR) refers to stm32f1xx_hal_spi.o(i.HAL_SPI_ErrorCallback) for HAL_SPI_ErrorCallback
    stm32f1xx_hal_spi.o(i.SPI_CloseTx_ISR) refers to stm32f1xx_hal_spi.o(i.HAL_SPI_TxCpltCallback) for HAL_SPI_TxCpltCallback
    stm32f1xx_hal_spi.o(i.SPI_CloseTx_ISR) refers to system_stm32f1xx.o(.data) for SystemCoreClock
    stm32f1xx_hal_spi.o(i.SPI_DMAAbortOnError) refers to stm32f1xx_hal_spi.o(i.HAL_SPI_ErrorCallback) for HAL_SPI_ErrorCallback
    stm32f1xx_hal_spi.o(i.SPI_DMAError) refers to stm32f1xx_hal_spi.o(i.HAL_SPI_ErrorCallback) for HAL_SPI_ErrorCallback
    stm32f1xx_hal_spi.o(i.SPI_DMAHalfReceiveCplt) refers to stm32f1xx_hal_spi.o(i.HAL_SPI_RxHalfCpltCallback) for HAL_SPI_RxHalfCpltCallback
    stm32f1xx_hal_spi.o(i.SPI_DMAHalfTransmitCplt) refers to stm32f1xx_hal_spi.o(i.HAL_SPI_TxHalfCpltCallback) for HAL_SPI_TxHalfCpltCallback
    stm32f1xx_hal_spi.o(i.SPI_DMAHalfTransmitReceiveCplt) refers to stm32f1xx_hal_spi.o(i.HAL_SPI_TxRxHalfCpltCallback) for HAL_SPI_TxRxHalfCpltCallback
    stm32f1xx_hal_spi.o(i.SPI_DMAReceiveCplt) refers to stm32f1xx_hal_spi.o(i.HAL_SPI_ErrorCallback) for HAL_SPI_ErrorCallback
    stm32f1xx_hal_spi.o(i.SPI_DMAReceiveCplt) refers to stm32f1xx_hal_spi.o(i.HAL_SPI_RxCpltCallback) for HAL_SPI_RxCpltCallback
    stm32f1xx_hal_spi.o(i.SPI_DMARxAbortCallback) refers to stm32f1xx_hal_spi.o(i.HAL_SPI_AbortCpltCallback) for HAL_SPI_AbortCpltCallback
    stm32f1xx_hal_spi.o(i.SPI_DMATransmitCplt) refers to stm32f1xx_hal.o(i.HAL_GetTick) for HAL_GetTick
    stm32f1xx_hal_spi.o(i.SPI_DMATransmitCplt) refers to stm32f1xx_hal_spi.o(i.SPI_CheckFlag_BSY) for SPI_CheckFlag_BSY
    stm32f1xx_hal_spi.o(i.SPI_DMATransmitCplt) refers to stm32f1xx_hal_spi.o(i.HAL_SPI_ErrorCallback) for HAL_SPI_ErrorCallback
    stm32f1xx_hal_spi.o(i.SPI_DMATransmitCplt) refers to stm32f1xx_hal_spi.o(i.HAL_SPI_TxCpltCallback) for HAL_SPI_TxCpltCallback
    stm32f1xx_hal_spi.o(i.SPI_DMATransmitReceiveCplt) refers to stm32f1xx_hal.o(i.HAL_GetTick) for HAL_GetTick
    stm32f1xx_hal_spi.o(i.SPI_DMATransmitReceiveCplt) refers to stm32f1xx_hal_spi.o(i.SPI_CheckFlag_BSY) for SPI_CheckFlag_BSY
    stm32f1xx_hal_spi.o(i.SPI_DMATransmitReceiveCplt) refers to stm32f1xx_hal_spi.o(i.HAL_SPI_ErrorCallback) for HAL_SPI_ErrorCallback
    stm32f1xx_hal_spi.o(i.SPI_DMATransmitReceiveCplt) refers to stm32f1xx_hal_spi.o(i.HAL_SPI_TxRxCpltCallback) for HAL_SPI_TxRxCpltCallback
    stm32f1xx_hal_spi.o(i.SPI_DMATxAbortCallback) refers to stm32f1xx_hal_spi.o(i.HAL_SPI_AbortCpltCallback) for HAL_SPI_AbortCpltCallback
    stm32f1xx_hal_spi.o(i.SPI_DMATxAbortCallback) refers to system_stm32f1xx.o(.data) for SystemCoreClock
    stm32f1xx_hal_spi.o(i.SPI_RxISR_16BIT) refers to stm32f1xx_hal_spi.o(i.SPI_CloseRx_ISR) for SPI_CloseRx_ISR
    stm32f1xx_hal_spi.o(i.SPI_RxISR_8BIT) refers to stm32f1xx_hal_spi.o(i.SPI_CloseRx_ISR) for SPI_CloseRx_ISR
    stm32f1xx_hal_spi.o(i.SPI_TxISR_16BIT) refers to stm32f1xx_hal_spi.o(i.SPI_CloseTx_ISR) for SPI_CloseTx_ISR
    stm32f1xx_hal_spi.o(i.SPI_TxISR_8BIT) refers to stm32f1xx_hal_spi.o(i.SPI_CloseTx_ISR) for SPI_CloseTx_ISR
    stm32f1xx_hal_spi.o(i.SPI_WaitFlagStateUntilTimeout) refers to stm32f1xx_hal.o(i.HAL_GetTick) for HAL_GetTick
    stm32f1xx_hal_spi_ex.o(i.HAL_SPI_Init) refers to stm32f1xx_hal_msp.o(i.HAL_SPI_MspInit) for HAL_SPI_MspInit
    stm32f1xx_hal_uart.o(i.HAL_HalfDuplex_Init) refers to stm32f1xx_hal_msp.o(i.HAL_UART_MspInit) for HAL_UART_MspInit
    stm32f1xx_hal_uart.o(i.HAL_HalfDuplex_Init) refers to stm32f1xx_hal_uart.o(i.UART_SetConfig) for UART_SetConfig
    stm32f1xx_hal_uart.o(i.HAL_LIN_Init) refers to stm32f1xx_hal_msp.o(i.HAL_UART_MspInit) for HAL_UART_MspInit
    stm32f1xx_hal_uart.o(i.HAL_LIN_Init) refers to stm32f1xx_hal_uart.o(i.UART_SetConfig) for UART_SetConfig
    stm32f1xx_hal_uart.o(i.HAL_MultiProcessor_Init) refers to stm32f1xx_hal_msp.o(i.HAL_UART_MspInit) for HAL_UART_MspInit
    stm32f1xx_hal_uart.o(i.HAL_MultiProcessor_Init) refers to stm32f1xx_hal_uart.o(i.UART_SetConfig) for UART_SetConfig
    stm32f1xx_hal_uart.o(i.HAL_UART_Abort) refers to stm32f1xx_hal_dma.o(i.HAL_DMA_Abort) for HAL_DMA_Abort
    stm32f1xx_hal_uart.o(i.HAL_UART_AbortReceive) refers to stm32f1xx_hal_dma.o(i.HAL_DMA_Abort) for HAL_DMA_Abort
    stm32f1xx_hal_uart.o(i.HAL_UART_AbortReceive_IT) refers to stm32f1xx_hal_dma.o(i.HAL_DMA_Abort_IT) for HAL_DMA_Abort_IT
    stm32f1xx_hal_uart.o(i.HAL_UART_AbortReceive_IT) refers to stm32f1xx_hal_uart.o(i.HAL_UART_AbortReceiveCpltCallback) for HAL_UART_AbortReceiveCpltCallback
    stm32f1xx_hal_uart.o(i.HAL_UART_AbortReceive_IT) refers to stm32f1xx_hal_uart.o(i.UART_DMARxOnlyAbortCallback) for UART_DMARxOnlyAbortCallback
    stm32f1xx_hal_uart.o(i.HAL_UART_AbortTransmit) refers to stm32f1xx_hal_dma.o(i.HAL_DMA_Abort) for HAL_DMA_Abort
    stm32f1xx_hal_uart.o(i.HAL_UART_AbortTransmit_IT) refers to stm32f1xx_hal_dma.o(i.HAL_DMA_Abort_IT) for HAL_DMA_Abort_IT
    stm32f1xx_hal_uart.o(i.HAL_UART_AbortTransmit_IT) refers to stm32f1xx_hal_uart.o(i.HAL_UART_AbortTransmitCpltCallback) for HAL_UART_AbortTransmitCpltCallback
    stm32f1xx_hal_uart.o(i.HAL_UART_AbortTransmit_IT) refers to stm32f1xx_hal_uart.o(i.UART_DMATxOnlyAbortCallback) for UART_DMATxOnlyAbortCallback
    stm32f1xx_hal_uart.o(i.HAL_UART_Abort_IT) refers to stm32f1xx_hal_dma.o(i.HAL_DMA_Abort_IT) for HAL_DMA_Abort_IT
    stm32f1xx_hal_uart.o(i.HAL_UART_Abort_IT) refers to stm32f1xx_hal_uart.o(i.HAL_UART_AbortCpltCallback) for HAL_UART_AbortCpltCallback
    stm32f1xx_hal_uart.o(i.HAL_UART_Abort_IT) refers to stm32f1xx_hal_uart.o(i.UART_DMATxAbortCallback) for UART_DMATxAbortCallback
    stm32f1xx_hal_uart.o(i.HAL_UART_Abort_IT) refers to stm32f1xx_hal_uart.o(i.UART_DMARxAbortCallback) for UART_DMARxAbortCallback
    stm32f1xx_hal_uart.o(i.HAL_UART_DMAStop) refers to stm32f1xx_hal_dma.o(i.HAL_DMA_Abort) for HAL_DMA_Abort
    stm32f1xx_hal_uart.o(i.HAL_UART_DMAStop) refers to stm32f1xx_hal_uart.o(i.UART_EndTxTransfer) for UART_EndTxTransfer
    stm32f1xx_hal_uart.o(i.HAL_UART_DMAStop) refers to stm32f1xx_hal_uart.o(i.UART_EndRxTransfer) for UART_EndRxTransfer
    stm32f1xx_hal_uart.o(i.HAL_UART_DeInit) refers to stm32f1xx_hal_msp.o(i.HAL_UART_MspDeInit) for HAL_UART_MspDeInit
    stm32f1xx_hal_uart.o(i.HAL_UART_IRQHandler) refers to stm32f1xx_hal_uart.o(i.UART_Receive_IT) for UART_Receive_IT
    stm32f1xx_hal_uart.o(i.HAL_UART_IRQHandler) refers to stm32f1xx_hal_uart.o(i.UART_EndRxTransfer) for UART_EndRxTransfer
    stm32f1xx_hal_uart.o(i.HAL_UART_IRQHandler) refers to stm32f1xx_hal_dma.o(i.HAL_DMA_Abort_IT) for HAL_DMA_Abort_IT
    stm32f1xx_hal_uart.o(i.HAL_UART_IRQHandler) refers to stm32f1xx_hal_uart.o(i.HAL_UART_ErrorCallback) for HAL_UART_ErrorCallback
    stm32f1xx_hal_uart.o(i.HAL_UART_IRQHandler) refers to stm32f1xx_hal_uart.o(i.UART_Transmit_IT) for UART_Transmit_IT
    stm32f1xx_hal_uart.o(i.HAL_UART_IRQHandler) refers to stm32f1xx_hal_uart.o(i.HAL_UART_TxCpltCallback) for HAL_UART_TxCpltCallback
    stm32f1xx_hal_uart.o(i.HAL_UART_IRQHandler) refers to stm32f1xx_hal_uart.o(i.UART_DMAAbortOnError) for UART_DMAAbortOnError
    stm32f1xx_hal_uart.o(i.HAL_UART_Init) refers to stm32f1xx_hal_msp.o(i.HAL_UART_MspInit) for HAL_UART_MspInit
    stm32f1xx_hal_uart.o(i.HAL_UART_Init) refers to stm32f1xx_hal_uart.o(i.UART_SetConfig) for UART_SetConfig
    stm32f1xx_hal_uart.o(i.HAL_UART_Receive) refers to stm32f1xx_hal.o(i.HAL_GetTick) for HAL_GetTick
    stm32f1xx_hal_uart.o(i.HAL_UART_Receive) refers to stm32f1xx_hal_uart.o(i.UART_WaitOnFlagUntilTimeout) for UART_WaitOnFlagUntilTimeout
    stm32f1xx_hal_uart.o(i.HAL_UART_Receive_DMA) refers to stm32f1xx_hal_dma.o(i.HAL_DMA_Start_IT) for HAL_DMA_Start_IT
    stm32f1xx_hal_uart.o(i.HAL_UART_Receive_DMA) refers to stm32f1xx_hal_uart.o(i.UART_DMAReceiveCplt) for UART_DMAReceiveCplt
    stm32f1xx_hal_uart.o(i.HAL_UART_Receive_DMA) refers to stm32f1xx_hal_uart.o(i.UART_DMARxHalfCplt) for UART_DMARxHalfCplt
    stm32f1xx_hal_uart.o(i.HAL_UART_Receive_DMA) refers to stm32f1xx_hal_uart.o(i.UART_DMAError) for UART_DMAError
    stm32f1xx_hal_uart.o(i.HAL_UART_Transmit) refers to stm32f1xx_hal.o(i.HAL_GetTick) for HAL_GetTick
    stm32f1xx_hal_uart.o(i.HAL_UART_Transmit) refers to stm32f1xx_hal_uart.o(i.UART_WaitOnFlagUntilTimeout) for UART_WaitOnFlagUntilTimeout
    stm32f1xx_hal_uart.o(i.HAL_UART_Transmit_DMA) refers to stm32f1xx_hal_dma.o(i.HAL_DMA_Start_IT) for HAL_DMA_Start_IT
    stm32f1xx_hal_uart.o(i.HAL_UART_Transmit_DMA) refers to stm32f1xx_hal_uart.o(i.UART_DMATransmitCplt) for UART_DMATransmitCplt
    stm32f1xx_hal_uart.o(i.HAL_UART_Transmit_DMA) refers to stm32f1xx_hal_uart.o(i.UART_DMATxHalfCplt) for UART_DMATxHalfCplt
    stm32f1xx_hal_uart.o(i.HAL_UART_Transmit_DMA) refers to stm32f1xx_hal_uart.o(i.UART_DMAError) for UART_DMAError
    stm32f1xx_hal_uart.o(i.UART_DMAAbortOnError) refers to stm32f1xx_hal_uart.o(i.HAL_UART_ErrorCallback) for HAL_UART_ErrorCallback
    stm32f1xx_hal_uart.o(i.UART_DMAError) refers to stm32f1xx_hal_uart.o(i.UART_EndTxTransfer) for UART_EndTxTransfer
    stm32f1xx_hal_uart.o(i.UART_DMAError) refers to stm32f1xx_hal_uart.o(i.UART_EndRxTransfer) for UART_EndRxTransfer
    stm32f1xx_hal_uart.o(i.UART_DMAError) refers to stm32f1xx_hal_uart.o(i.HAL_UART_ErrorCallback) for HAL_UART_ErrorCallback
    stm32f1xx_hal_uart.o(i.UART_DMAReceiveCplt) refers to stm32f1xx_hal_uart.o(i.HAL_UART_RxCpltCallback) for HAL_UART_RxCpltCallback
    stm32f1xx_hal_uart.o(i.UART_DMARxAbortCallback) refers to stm32f1xx_hal_uart.o(i.HAL_UART_AbortCpltCallback) for HAL_UART_AbortCpltCallback
    stm32f1xx_hal_uart.o(i.UART_DMARxHalfCplt) refers to stm32f1xx_hal_uart.o(i.HAL_UART_RxHalfCpltCallback) for HAL_UART_RxHalfCpltCallback
    stm32f1xx_hal_uart.o(i.UART_DMARxOnlyAbortCallback) refers to stm32f1xx_hal_uart.o(i.HAL_UART_AbortReceiveCpltCallback) for HAL_UART_AbortReceiveCpltCallback
    stm32f1xx_hal_uart.o(i.UART_DMATransmitCplt) refers to stm32f1xx_hal_uart.o(i.HAL_UART_TxCpltCallback) for HAL_UART_TxCpltCallback
    stm32f1xx_hal_uart.o(i.UART_DMATxAbortCallback) refers to stm32f1xx_hal_uart.o(i.HAL_UART_AbortCpltCallback) for HAL_UART_AbortCpltCallback
    stm32f1xx_hal_uart.o(i.UART_DMATxHalfCplt) refers to stm32f1xx_hal_uart.o(i.HAL_UART_TxHalfCpltCallback) for HAL_UART_TxHalfCpltCallback
    stm32f1xx_hal_uart.o(i.UART_DMATxOnlyAbortCallback) refers to stm32f1xx_hal_uart.o(i.HAL_UART_AbortTransmitCpltCallback) for HAL_UART_AbortTransmitCpltCallback
    stm32f1xx_hal_uart.o(i.UART_Receive_IT) refers to stm32f1xx_hal_uart.o(i.HAL_UART_RxCpltCallback) for HAL_UART_RxCpltCallback
    stm32f1xx_hal_uart.o(i.UART_SetConfig) refers to stm32f1xx_hal_rcc.o(i.HAL_RCC_GetPCLK2Freq) for HAL_RCC_GetPCLK2Freq
    stm32f1xx_hal_uart.o(i.UART_SetConfig) refers to stm32f1xx_hal_rcc.o(i.HAL_RCC_GetPCLK1Freq) for HAL_RCC_GetPCLK1Freq
    stm32f1xx_hal_uart.o(i.UART_WaitOnFlagUntilTimeout) refers to stm32f1xx_hal.o(i.HAL_GetTick) for HAL_GetTick
    stm32f1xx_hal.o(i.HAL_DeInit) refers to stm32f1xx_hal.o(i.HAL_MspDeInit) for HAL_MspDeInit
    stm32f1xx_hal.o(i.HAL_Delay) refers to stm32f1xx_hal.o(i.HAL_GetTick) for HAL_GetTick
    stm32f1xx_hal.o(i.HAL_Delay) refers to stm32f1xx_hal.o(.data) for .data
    stm32f1xx_hal.o(i.HAL_GetTick) refers to stm32f1xx_hal.o(.data) for .data
    stm32f1xx_hal.o(i.HAL_GetTickFreq) refers to stm32f1xx_hal.o(.data) for .data
    stm32f1xx_hal.o(i.HAL_GetTickPrio) refers to stm32f1xx_hal.o(.data) for .data
    stm32f1xx_hal.o(i.HAL_IncTick) refers to stm32f1xx_hal.o(.data) for .data
    stm32f1xx_hal.o(i.HAL_Init) refers to stm32f1xx_hal_cortex.o(i.HAL_NVIC_SetPriorityGrouping) for HAL_NVIC_SetPriorityGrouping
    stm32f1xx_hal.o(i.HAL_Init) refers to stm32f1xx_hal.o(i.HAL_InitTick) for HAL_InitTick
    stm32f1xx_hal.o(i.HAL_Init) refers to stm32f1xx_hal_msp.o(i.HAL_MspInit) for HAL_MspInit
    stm32f1xx_hal.o(i.HAL_InitTick) refers to stm32f1xx_hal_cortex.o(i.HAL_SYSTICK_Config) for HAL_SYSTICK_Config
    stm32f1xx_hal.o(i.HAL_InitTick) refers to stm32f1xx_hal_cortex.o(i.HAL_NVIC_SetPriority) for HAL_NVIC_SetPriority
    stm32f1xx_hal.o(i.HAL_InitTick) refers to stm32f1xx_hal.o(.data) for .data
    stm32f1xx_hal.o(i.HAL_InitTick) refers to system_stm32f1xx.o(.data) for SystemCoreClock
    stm32f1xx_hal.o(i.HAL_SetTickFreq) refers to stm32f1xx_hal.o(i.HAL_InitTick) for HAL_InitTick
    stm32f1xx_hal.o(i.HAL_SetTickFreq) refers to stm32f1xx_hal.o(.data) for .data
    stm32f1xx_hal_rcc.o(i.HAL_RCC_ClockConfig) refers to stm32f1xx_hal.o(i.HAL_GetTick) for HAL_GetTick
    stm32f1xx_hal_rcc.o(i.HAL_RCC_ClockConfig) refers to stm32f1xx_hal_rcc.o(i.HAL_RCC_GetSysClockFreq) for HAL_RCC_GetSysClockFreq
    stm32f1xx_hal_rcc.o(i.HAL_RCC_ClockConfig) refers to stm32f1xx_hal.o(i.HAL_InitTick) for HAL_InitTick
    stm32f1xx_hal_rcc.o(i.HAL_RCC_ClockConfig) refers to system_stm32f1xx.o(.constdata) for AHBPrescTable
    stm32f1xx_hal_rcc.o(i.HAL_RCC_ClockConfig) refers to system_stm32f1xx.o(.data) for SystemCoreClock
    stm32f1xx_hal_rcc.o(i.HAL_RCC_DeInit) refers to stm32f1xx_hal.o(i.HAL_GetTick) for HAL_GetTick
    stm32f1xx_hal_rcc.o(i.HAL_RCC_DeInit) refers to stm32f1xx_hal.o(i.HAL_InitTick) for HAL_InitTick
    stm32f1xx_hal_rcc.o(i.HAL_RCC_DeInit) refers to system_stm32f1xx.o(.data) for SystemCoreClock
    stm32f1xx_hal_rcc.o(i.HAL_RCC_GetHCLKFreq) refers to system_stm32f1xx.o(.data) for SystemCoreClock
    stm32f1xx_hal_rcc.o(i.HAL_RCC_GetPCLK1Freq) refers to system_stm32f1xx.o(.data) for SystemCoreClock
    stm32f1xx_hal_rcc.o(i.HAL_RCC_GetPCLK1Freq) refers to system_stm32f1xx.o(.constdata) for APBPrescTable
    stm32f1xx_hal_rcc.o(i.HAL_RCC_GetPCLK2Freq) refers to system_stm32f1xx.o(.data) for SystemCoreClock
    stm32f1xx_hal_rcc.o(i.HAL_RCC_GetPCLK2Freq) refers to system_stm32f1xx.o(.constdata) for APBPrescTable
    stm32f1xx_hal_rcc.o(i.HAL_RCC_MCOConfig) refers to stm32f1xx_hal_gpio.o(i.HAL_GPIO_Init) for HAL_GPIO_Init
    stm32f1xx_hal_rcc.o(i.HAL_RCC_NMI_IRQHandler) refers to stm32f1xx_hal_rcc.o(i.HAL_RCC_CSSCallback) for HAL_RCC_CSSCallback
    stm32f1xx_hal_rcc.o(i.HAL_RCC_OscConfig) refers to stm32f1xx_hal.o(i.HAL_GetTick) for HAL_GetTick
    stm32f1xx_hal_rcc.o(i.HAL_RCC_OscConfig) refers to system_stm32f1xx.o(.data) for SystemCoreClock
    stm32f1xx_hal_rcc_ex.o(i.HAL_RCCEx_GetPeriphCLKFreq) refers to stm32f1xx_hal_rcc.o(i.HAL_RCC_GetPCLK2Freq) for HAL_RCC_GetPCLK2Freq
    stm32f1xx_hal_rcc_ex.o(i.HAL_RCCEx_PeriphCLKConfig) refers to stm32f1xx_hal.o(i.HAL_GetTick) for HAL_GetTick
    stm32f1xx_hal_gpio.o(i.HAL_GPIO_EXTI_IRQHandler) refers to stm32f1xx_hal_gpio.o(i.HAL_GPIO_EXTI_Callback) for HAL_GPIO_EXTI_Callback
    stm32f1xx_hal_dma.o(i.HAL_DMA_PollForTransfer) refers to stm32f1xx_hal.o(i.HAL_GetTick) for HAL_GetTick
    stm32f1xx_hal_dma.o(i.HAL_DMA_Start) refers to stm32f1xx_hal_dma.o(i.DMA_SetConfig) for DMA_SetConfig
    stm32f1xx_hal_dma.o(i.HAL_DMA_Start_IT) refers to stm32f1xx_hal_dma.o(i.DMA_SetConfig) for DMA_SetConfig
    stm32f1xx_hal_cortex.o(i.HAL_NVIC_SetPriority) refers to stm32f1xx_hal_cortex.o(i.NVIC_SetPriority) for NVIC_SetPriority
    stm32f1xx_hal_cortex.o(i.HAL_SYSTICK_Config) refers to stm32f1xx_hal_cortex.o(i.NVIC_SetPriority) for NVIC_SetPriority
    stm32f1xx_hal_cortex.o(i.HAL_SYSTICK_IRQHandler) refers to stm32f1xx_hal_cortex.o(i.HAL_SYSTICK_Callback) for HAL_SYSTICK_Callback
    stm32f1xx_hal_pwr.o(i.HAL_PWR_EnterSTOPMode) refers to stm32f1xx_hal_pwr.o(i.PWR_OverloadWfe) for PWR_OverloadWfe
    stm32f1xx_hal_pwr.o(i.HAL_PWR_PVD_IRQHandler) refers to stm32f1xx_hal_pwr.o(i.HAL_PWR_PVDCallback) for HAL_PWR_PVDCallback
    stm32f1xx_hal_flash.o(i.FLASH_Program_HalfWord) refers to stm32f1xx_hal_flash.o(.bss) for .bss
    stm32f1xx_hal_flash.o(i.FLASH_SetErrorCode) refers to stm32f1xx_hal_flash.o(.bss) for .bss
    stm32f1xx_hal_flash.o(i.FLASH_WaitForLastOperation) refers to stm32f1xx_hal.o(i.HAL_GetTick) for HAL_GetTick
    stm32f1xx_hal_flash.o(i.FLASH_WaitForLastOperation) refers to stm32f1xx_hal_flash.o(i.FLASH_SetErrorCode) for FLASH_SetErrorCode
    stm32f1xx_hal_flash.o(i.HAL_FLASH_GetError) refers to stm32f1xx_hal_flash.o(.bss) for .bss
    stm32f1xx_hal_flash.o(i.HAL_FLASH_IRQHandler) refers to stm32f1xx_hal_flash.o(i.FLASH_SetErrorCode) for FLASH_SetErrorCode
    stm32f1xx_hal_flash.o(i.HAL_FLASH_IRQHandler) refers to stm32f1xx_hal_flash.o(i.HAL_FLASH_OperationErrorCallback) for HAL_FLASH_OperationErrorCallback
    stm32f1xx_hal_flash.o(i.HAL_FLASH_IRQHandler) refers to stm32f1xx_hal_flash.o(i.FLASH_Program_HalfWord) for FLASH_Program_HalfWord
    stm32f1xx_hal_flash.o(i.HAL_FLASH_IRQHandler) refers to stm32f1xx_hal_flash.o(i.HAL_FLASH_EndOfOperationCallback) for HAL_FLASH_EndOfOperationCallback
    stm32f1xx_hal_flash.o(i.HAL_FLASH_IRQHandler) refers to stm32f1xx_hal_flash_ex.o(i.FLASH_PageErase) for FLASH_PageErase
    stm32f1xx_hal_flash.o(i.HAL_FLASH_IRQHandler) refers to stm32f1xx_hal_flash.o(.bss) for .bss
    stm32f1xx_hal_flash.o(i.HAL_FLASH_OB_Launch) refers to stm32f1xx_hal_cortex.o(i.HAL_NVIC_SystemReset) for HAL_NVIC_SystemReset
    stm32f1xx_hal_flash.o(i.HAL_FLASH_Program) refers to stm32f1xx_hal_flash.o(i.FLASH_WaitForLastOperation) for FLASH_WaitForLastOperation
    stm32f1xx_hal_flash.o(i.HAL_FLASH_Program) refers to llushr.o(.text) for __aeabi_llsr
    stm32f1xx_hal_flash.o(i.HAL_FLASH_Program) refers to stm32f1xx_hal_flash.o(i.FLASH_Program_HalfWord) for FLASH_Program_HalfWord
    stm32f1xx_hal_flash.o(i.HAL_FLASH_Program) refers to stm32f1xx_hal_flash.o(.bss) for .bss
    stm32f1xx_hal_flash.o(i.HAL_FLASH_Program_IT) refers to stm32f1xx_hal_flash.o(i.FLASH_Program_HalfWord) for FLASH_Program_HalfWord
    stm32f1xx_hal_flash.o(i.HAL_FLASH_Program_IT) refers to stm32f1xx_hal_flash.o(.bss) for .bss
    stm32f1xx_hal_flash_ex.o(i.FLASH_MassErase) refers to stm32f1xx_hal_flash.o(.bss) for pFlash
    stm32f1xx_hal_flash_ex.o(i.FLASH_OB_DisableWRP) refers to stm32f1xx_hal_flash.o(i.FLASH_WaitForLastOperation) for FLASH_WaitForLastOperation
    stm32f1xx_hal_flash_ex.o(i.FLASH_OB_DisableWRP) refers to stm32f1xx_hal_flash_ex.o(i.HAL_FLASHEx_OBErase) for HAL_FLASHEx_OBErase
    stm32f1xx_hal_flash_ex.o(i.FLASH_OB_DisableWRP) refers to stm32f1xx_hal_flash.o(.bss) for pFlash
    stm32f1xx_hal_flash_ex.o(i.FLASH_OB_EnableWRP) refers to stm32f1xx_hal_flash.o(i.FLASH_WaitForLastOperation) for FLASH_WaitForLastOperation
    stm32f1xx_hal_flash_ex.o(i.FLASH_OB_EnableWRP) refers to stm32f1xx_hal_flash_ex.o(i.HAL_FLASHEx_OBErase) for HAL_FLASHEx_OBErase
    stm32f1xx_hal_flash_ex.o(i.FLASH_OB_EnableWRP) refers to stm32f1xx_hal_flash.o(.bss) for pFlash
    stm32f1xx_hal_flash_ex.o(i.FLASH_OB_RDP_LevelConfig) refers to stm32f1xx_hal_flash.o(i.FLASH_WaitForLastOperation) for FLASH_WaitForLastOperation
    stm32f1xx_hal_flash_ex.o(i.FLASH_OB_RDP_LevelConfig) refers to stm32f1xx_hal_flash.o(.bss) for pFlash
    stm32f1xx_hal_flash_ex.o(i.FLASH_PageErase) refers to stm32f1xx_hal_flash.o(.bss) for pFlash
    stm32f1xx_hal_flash_ex.o(i.HAL_FLASHEx_Erase) refers to stm32f1xx_hal_flash.o(i.FLASH_WaitForLastOperation) for FLASH_WaitForLastOperation
    stm32f1xx_hal_flash_ex.o(i.HAL_FLASHEx_Erase) refers to stm32f1xx_hal_flash_ex.o(i.FLASH_MassErase) for FLASH_MassErase
    stm32f1xx_hal_flash_ex.o(i.HAL_FLASHEx_Erase) refers to stm32f1xx_hal_flash_ex.o(i.FLASH_PageErase) for FLASH_PageErase
    stm32f1xx_hal_flash_ex.o(i.HAL_FLASHEx_Erase) refers to stm32f1xx_hal_flash.o(.bss) for pFlash
    stm32f1xx_hal_flash_ex.o(i.HAL_FLASHEx_Erase_IT) refers to stm32f1xx_hal_flash_ex.o(i.FLASH_PageErase) for FLASH_PageErase
    stm32f1xx_hal_flash_ex.o(i.HAL_FLASHEx_Erase_IT) refers to stm32f1xx_hal_flash_ex.o(i.FLASH_MassErase) for FLASH_MassErase
    stm32f1xx_hal_flash_ex.o(i.HAL_FLASHEx_Erase_IT) refers to stm32f1xx_hal_flash.o(.bss) for pFlash
    stm32f1xx_hal_flash_ex.o(i.HAL_FLASHEx_OBErase) refers to stm32f1xx_hal_flash_ex.o(i.FLASH_OB_GetRDP) for FLASH_OB_GetRDP
    stm32f1xx_hal_flash_ex.o(i.HAL_FLASHEx_OBErase) refers to stm32f1xx_hal_flash.o(i.FLASH_WaitForLastOperation) for FLASH_WaitForLastOperation
    stm32f1xx_hal_flash_ex.o(i.HAL_FLASHEx_OBErase) refers to stm32f1xx_hal_flash_ex.o(i.FLASH_OB_RDP_LevelConfig) for FLASH_OB_RDP_LevelConfig
    stm32f1xx_hal_flash_ex.o(i.HAL_FLASHEx_OBErase) refers to stm32f1xx_hal_flash.o(.bss) for pFlash
    stm32f1xx_hal_flash_ex.o(i.HAL_FLASHEx_OBGetConfig) refers to stm32f1xx_hal_flash_ex.o(i.FLASH_OB_GetRDP) for FLASH_OB_GetRDP
    stm32f1xx_hal_flash_ex.o(i.HAL_FLASHEx_OBProgram) refers to stm32f1xx_hal_flash_ex.o(i.FLASH_OB_DisableWRP) for FLASH_OB_DisableWRP
    stm32f1xx_hal_flash_ex.o(i.HAL_FLASHEx_OBProgram) refers to stm32f1xx_hal_flash_ex.o(i.FLASH_OB_EnableWRP) for FLASH_OB_EnableWRP
    stm32f1xx_hal_flash_ex.o(i.HAL_FLASHEx_OBProgram) refers to stm32f1xx_hal_flash_ex.o(i.FLASH_OB_RDP_LevelConfig) for FLASH_OB_RDP_LevelConfig
    stm32f1xx_hal_flash_ex.o(i.HAL_FLASHEx_OBProgram) refers to stm32f1xx_hal_flash.o(i.FLASH_WaitForLastOperation) for FLASH_WaitForLastOperation
    stm32f1xx_hal_flash_ex.o(i.HAL_FLASHEx_OBProgram) refers to stm32f1xx_hal_flash.o(.bss) for pFlash
    system_stm32f1xx.o(i.SystemCoreClockUpdate) refers to system_stm32f1xx.o(.data) for .data
    system_stm32f1xx.o(i.SystemCoreClockUpdate) refers to system_stm32f1xx.o(.constdata) for .constdata
    entry.o(.ARM.Collect$$$$00000000) refers (Special) to entry10a.o(.ARM.Collect$$$$0000000D) for __rt_final_cpp
    entry.o(.ARM.Collect$$$$00000000) refers (Special) to entry11a.o(.ARM.Collect$$$$0000000F) for __rt_final_exit
    entry.o(.ARM.Collect$$$$00000000) refers (Special) to entry7b.o(.ARM.Collect$$$$00000008) for _main_clock
    entry.o(.ARM.Collect$$$$00000000) refers (Special) to entry8b.o(.ARM.Collect$$$$0000000A) for _main_cpp_init
    entry.o(.ARM.Collect$$$$00000000) refers (Special) to entry9a.o(.ARM.Collect$$$$0000000B) for _main_init
    entry.o(.ARM.Collect$$$$00000000) refers (Special) to entry5.o(.ARM.Collect$$$$00000004) for _main_scatterload
    entry.o(.ARM.Collect$$$$00000000) refers (Special) to entry2.o(.ARM.Collect$$$$00000001) for _main_stk
    entry2.o(.ARM.Collect$$$$00000001) refers to entry2.o(.ARM.Collect$$$$00002712) for __lit__00000000
    entry2.o(.ARM.Collect$$$$00002712) refers to startup_stm32f100xb.o(STACK) for __initial_sp
    entry2.o(__vectab_stack_and_reset_area) refers to startup_stm32f100xb.o(STACK) for __initial_sp
    entry2.o(__vectab_stack_and_reset_area) refers to entry.o(.ARM.Collect$$$$00000000) for __main
    entry5.o(.ARM.Collect$$$$00000004) refers to init.o(.text) for __scatterload
    entry9a.o(.ARM.Collect$$$$0000000B) refers to main.o(i.main) for main
    entry9b.o(.ARM.Collect$$$$0000000C) refers to main.o(i.main) for main
    init.o(.text) refers to entry5.o(.ARM.Collect$$$$00000004) for __main_after_scatterload


==============================================================================

Removing Unused input sections from the image.

    Removing startup_stm32f100xb.o(HEAP), (512 bytes).
    Removing main.o(.rev16_text), (4 bytes).
    Removing main.o(.revsh_text), (4 bytes).
    Removing main.o(.rrx_text), (6 bytes).
    Removing main.o(i.Error_Handler), (2 bytes).
    Removing stm32f1xx_it.o(.rev16_text), (4 bytes).
    Removing stm32f1xx_it.o(.revsh_text), (4 bytes).
    Removing stm32f1xx_it.o(.rrx_text), (6 bytes).
    Removing stm32f1xx_hal_msp.o(.rev16_text), (4 bytes).
    Removing stm32f1xx_hal_msp.o(.revsh_text), (4 bytes).
    Removing stm32f1xx_hal_msp.o(.rrx_text), (6 bytes).
    Removing stm32f1xx_hal_msp.o(i.HAL_I2C_MspDeInit), (40 bytes).
    Removing stm32f1xx_hal_msp.o(i.HAL_SPI_MspDeInit), (40 bytes).
    Removing stm32f1xx_hal_msp.o(i.HAL_UART_MspDeInit), (84 bytes).
    Removing uart.o(.rev16_text), (4 bytes).
    Removing uart.o(.revsh_text), (4 bytes).
    Removing uart.o(.rrx_text), (6 bytes).
    Removing uart.o(.data), (1 bytes).
    Removing uart.o(.data), (1 bytes).
    Removing uart.o(.data), (1 bytes).
    Removing stm32f1xx_hal_gpio_ex.o(.rev16_text), (4 bytes).
    Removing stm32f1xx_hal_gpio_ex.o(.revsh_text), (4 bytes).
    Removing stm32f1xx_hal_gpio_ex.o(.rrx_text), (6 bytes).
    Removing stm32f1xx_hal_gpio_ex.o(i.HAL_GPIOEx_ConfigEventout), (20 bytes).
    Removing stm32f1xx_hal_gpio_ex.o(i.HAL_GPIOEx_DisableEventout), (16 bytes).
    Removing stm32f1xx_hal_gpio_ex.o(i.HAL_GPIOEx_EnableEventout), (16 bytes).
    Removing stm32f1xx_hal_i2c.o(.rev16_text), (4 bytes).
    Removing stm32f1xx_hal_i2c.o(.revsh_text), (4 bytes).
    Removing stm32f1xx_hal_i2c.o(.rrx_text), (6 bytes).
    Removing stm32f1xx_hal_i2c.o(i.HAL_I2C_AbortCpltCallback), (2 bytes).
    Removing stm32f1xx_hal_i2c.o(i.HAL_I2C_AddrCallback), (2 bytes).
    Removing stm32f1xx_hal_i2c.o(i.HAL_I2C_DeInit), (50 bytes).
    Removing stm32f1xx_hal_i2c.o(i.HAL_I2C_DisableListen_IT), (68 bytes).
    Removing stm32f1xx_hal_i2c.o(i.HAL_I2C_ER_IRQHandler), (208 bytes).
    Removing stm32f1xx_hal_i2c.o(i.HAL_I2C_EV_IRQHandler), (496 bytes).
    Removing stm32f1xx_hal_i2c.o(i.HAL_I2C_EnableListen_IT), (58 bytes).
    Removing stm32f1xx_hal_i2c.o(i.HAL_I2C_ErrorCallback), (2 bytes).
    Removing stm32f1xx_hal_i2c.o(i.HAL_I2C_GetError), (4 bytes).
    Removing stm32f1xx_hal_i2c.o(i.HAL_I2C_GetMode), (6 bytes).
    Removing stm32f1xx_hal_i2c.o(i.HAL_I2C_GetState), (6 bytes).
    Removing stm32f1xx_hal_i2c.o(i.HAL_I2C_IsDeviceReady), (352 bytes).
    Removing stm32f1xx_hal_i2c.o(i.HAL_I2C_ListenCpltCallback), (2 bytes).
    Removing stm32f1xx_hal_i2c.o(i.HAL_I2C_MasterRxCpltCallback), (2 bytes).
    Removing stm32f1xx_hal_i2c.o(i.HAL_I2C_MasterTxCpltCallback), (2 bytes).
    Removing stm32f1xx_hal_i2c.o(i.HAL_I2C_Master_Abort_IT), (86 bytes).
    Removing stm32f1xx_hal_i2c.o(i.HAL_I2C_Master_Receive), (528 bytes).
    Removing stm32f1xx_hal_i2c.o(i.HAL_I2C_Master_Receive_DMA), (284 bytes).
    Removing stm32f1xx_hal_i2c.o(i.HAL_I2C_Master_Receive_IT), (188 bytes).
    Removing stm32f1xx_hal_i2c.o(i.HAL_I2C_Master_Sequential_Receive_IT), (204 bytes).
    Removing stm32f1xx_hal_i2c.o(i.HAL_I2C_Master_Sequential_Transmit_IT), (192 bytes).
    Removing stm32f1xx_hal_i2c.o(i.HAL_I2C_Master_Transmit), (312 bytes).
    Removing stm32f1xx_hal_i2c.o(i.HAL_I2C_Master_Transmit_DMA), (284 bytes).
    Removing stm32f1xx_hal_i2c.o(i.HAL_I2C_Master_Transmit_IT), (180 bytes).
    Removing stm32f1xx_hal_i2c.o(i.HAL_I2C_MemRxCpltCallback), (2 bytes).
    Removing stm32f1xx_hal_i2c.o(i.HAL_I2C_MemTxCpltCallback), (2 bytes).
    Removing stm32f1xx_hal_i2c.o(i.HAL_I2C_Mem_Read), (544 bytes).
    Removing stm32f1xx_hal_i2c.o(i.HAL_I2C_Mem_Read_DMA), (364 bytes).
    Removing stm32f1xx_hal_i2c.o(i.HAL_I2C_Mem_Read_IT), (216 bytes).
    Removing stm32f1xx_hal_i2c.o(i.HAL_I2C_Mem_Write), (316 bytes).
    Removing stm32f1xx_hal_i2c.o(i.HAL_I2C_Mem_Write_DMA), (284 bytes).
    Removing stm32f1xx_hal_i2c.o(i.HAL_I2C_Mem_Write_IT), (204 bytes).
    Removing stm32f1xx_hal_i2c.o(i.HAL_I2C_MspDeInit), (2 bytes).
    Removing stm32f1xx_hal_i2c.o(i.HAL_I2C_MspInit), (2 bytes).
    Removing stm32f1xx_hal_i2c.o(i.HAL_I2C_SlaveRxCpltCallback), (2 bytes).
    Removing stm32f1xx_hal_i2c.o(i.HAL_I2C_SlaveTxCpltCallback), (2 bytes).
    Removing stm32f1xx_hal_i2c.o(i.HAL_I2C_Slave_Receive), (384 bytes).
    Removing stm32f1xx_hal_i2c.o(i.HAL_I2C_Slave_Receive_DMA), (236 bytes).
    Removing stm32f1xx_hal_i2c.o(i.HAL_I2C_Slave_Receive_IT), (180 bytes).
    Removing stm32f1xx_hal_i2c.o(i.HAL_I2C_Slave_Sequential_Receive_IT), (114 bytes).
    Removing stm32f1xx_hal_i2c.o(i.HAL_I2C_Slave_Sequential_Transmit_IT), (114 bytes).
    Removing stm32f1xx_hal_i2c.o(i.HAL_I2C_Slave_Transmit), (356 bytes).
    Removing stm32f1xx_hal_i2c.o(i.HAL_I2C_Slave_Transmit_DMA), (236 bytes).
    Removing stm32f1xx_hal_i2c.o(i.HAL_I2C_Slave_Transmit_IT), (184 bytes).
    Removing stm32f1xx_hal_i2c.o(i.I2C_DMAAbort), (78 bytes).
    Removing stm32f1xx_hal_i2c.o(i.I2C_DMAError), (42 bytes).
    Removing stm32f1xx_hal_i2c.o(i.I2C_DMAXferCplt), (134 bytes).
    Removing stm32f1xx_hal_i2c.o(i.I2C_ITError), (292 bytes).
    Removing stm32f1xx_hal_i2c.o(i.I2C_IsAcknowledgeFailed), (40 bytes).
    Removing stm32f1xx_hal_i2c.o(i.I2C_MasterReceive_BTF), (200 bytes).
    Removing stm32f1xx_hal_i2c.o(i.I2C_MasterReceive_RXNE), (174 bytes).
    Removing stm32f1xx_hal_i2c.o(i.I2C_MasterRequestRead), (222 bytes).
    Removing stm32f1xx_hal_i2c.o(i.I2C_MasterRequestWrite), (148 bytes).
    Removing stm32f1xx_hal_i2c.o(i.I2C_MasterTransmit_BTF), (128 bytes).
    Removing stm32f1xx_hal_i2c.o(i.I2C_MasterTransmit_TXE), (264 bytes).
    Removing stm32f1xx_hal_i2c.o(i.I2C_Master_ADDR), (282 bytes).
    Removing stm32f1xx_hal_i2c.o(i.I2C_Master_SB), (90 bytes).
    Removing stm32f1xx_hal_i2c.o(i.I2C_RequestMemoryRead), (240 bytes).
    Removing stm32f1xx_hal_i2c.o(i.I2C_RequestMemoryWrite), (160 bytes).
    Removing stm32f1xx_hal_i2c.o(i.I2C_Slave_AF), (132 bytes).
    Removing stm32f1xx_hal_i2c.o(i.I2C_Slave_STOPF), (220 bytes).
    Removing stm32f1xx_hal_i2c.o(i.I2C_WaitOnBTFFlagUntilTimeout), (78 bytes).
    Removing stm32f1xx_hal_i2c.o(i.I2C_WaitOnFlagUntilTimeout), (96 bytes).
    Removing stm32f1xx_hal_i2c.o(i.I2C_WaitOnMasterAddressFlagUntilTimeout), (136 bytes).
    Removing stm32f1xx_hal_i2c.o(i.I2C_WaitOnRXNEFlagUntilTimeout), (98 bytes).
    Removing stm32f1xx_hal_i2c.o(i.I2C_WaitOnTXEFlagUntilTimeout), (78 bytes).
    Removing stm32f1xx_hal_spi.o(.rev16_text), (4 bytes).
    Removing stm32f1xx_hal_spi.o(.revsh_text), (4 bytes).
    Removing stm32f1xx_hal_spi.o(.rrx_text), (6 bytes).
    Removing stm32f1xx_hal_spi.o(i.HAL_SPI_Abort), (188 bytes).
    Removing stm32f1xx_hal_spi.o(i.HAL_SPI_AbortCpltCallback), (2 bytes).
    Removing stm32f1xx_hal_spi.o(i.HAL_SPI_Abort_IT), (228 bytes).
    Removing stm32f1xx_hal_spi.o(i.HAL_SPI_DMAPause), (38 bytes).
    Removing stm32f1xx_hal_spi.o(i.HAL_SPI_DMAResume), (38 bytes).
    Removing stm32f1xx_hal_spi.o(i.HAL_SPI_DMAStop), (40 bytes).
    Removing stm32f1xx_hal_spi.o(i.HAL_SPI_DeInit), (46 bytes).
    Removing stm32f1xx_hal_spi.o(i.HAL_SPI_ErrorCallback), (2 bytes).
    Removing stm32f1xx_hal_spi.o(i.HAL_SPI_GetError), (4 bytes).
    Removing stm32f1xx_hal_spi.o(i.HAL_SPI_GetState), (6 bytes).
    Removing stm32f1xx_hal_spi.o(i.HAL_SPI_IRQHandler), (196 bytes).
    Removing stm32f1xx_hal_spi.o(i.HAL_SPI_Init), (118 bytes).
    Removing stm32f1xx_hal_spi.o(i.HAL_SPI_MspDeInit), (2 bytes).
    Removing stm32f1xx_hal_spi.o(i.HAL_SPI_MspInit), (2 bytes).
    Removing stm32f1xx_hal_spi.o(i.HAL_SPI_Receive), (336 bytes).
    Removing stm32f1xx_hal_spi.o(i.HAL_SPI_Receive_DMA), (212 bytes).
    Removing stm32f1xx_hal_spi.o(i.HAL_SPI_Receive_IT), (164 bytes).
    Removing stm32f1xx_hal_spi.o(i.HAL_SPI_RxCpltCallback), (2 bytes).
    Removing stm32f1xx_hal_spi.o(i.HAL_SPI_RxHalfCpltCallback), (2 bytes).
    Removing stm32f1xx_hal_spi.o(i.HAL_SPI_Transmit), (360 bytes).
    Removing stm32f1xx_hal_spi.o(i.HAL_SPI_TransmitReceive), (472 bytes).
    Removing stm32f1xx_hal_spi.o(i.HAL_SPI_TransmitReceive_DMA), (264 bytes).
    Removing stm32f1xx_hal_spi.o(i.HAL_SPI_TransmitReceive_IT), (164 bytes).
    Removing stm32f1xx_hal_spi.o(i.HAL_SPI_Transmit_DMA), (184 bytes).
    Removing stm32f1xx_hal_spi.o(i.HAL_SPI_Transmit_IT), (152 bytes).
    Removing stm32f1xx_hal_spi.o(i.HAL_SPI_TxCpltCallback), (2 bytes).
    Removing stm32f1xx_hal_spi.o(i.HAL_SPI_TxHalfCpltCallback), (2 bytes).
    Removing stm32f1xx_hal_spi.o(i.HAL_SPI_TxRxCpltCallback), (2 bytes).
    Removing stm32f1xx_hal_spi.o(i.HAL_SPI_TxRxHalfCpltCallback), (2 bytes).
    Removing stm32f1xx_hal_spi.o(i.SPI_2linesRxISR_16BIT), (48 bytes).
    Removing stm32f1xx_hal_spi.o(i.SPI_2linesRxISR_8BIT), (46 bytes).
    Removing stm32f1xx_hal_spi.o(i.SPI_2linesTxISR_16BIT), (48 bytes).
    Removing stm32f1xx_hal_spi.o(i.SPI_2linesTxISR_8BIT), (46 bytes).
    Removing stm32f1xx_hal_spi.o(i.SPI_AbortRx_ISR), (80 bytes).
    Removing stm32f1xx_hal_spi.o(i.SPI_AbortTx_ISR), (22 bytes).
    Removing stm32f1xx_hal_spi.o(i.SPI_CheckFlag_BSY), (32 bytes).
    Removing stm32f1xx_hal_spi.o(i.SPI_CloseRxTx_ISR), (144 bytes).
    Removing stm32f1xx_hal_spi.o(i.SPI_CloseRx_ISR), (78 bytes).
    Removing stm32f1xx_hal_spi.o(i.SPI_CloseTx_ISR), (124 bytes).
    Removing stm32f1xx_hal_spi.o(i.SPI_DMAAbortOnError), (16 bytes).
    Removing stm32f1xx_hal_spi.o(i.SPI_DMAError), (34 bytes).
    Removing stm32f1xx_hal_spi.o(i.SPI_DMAHalfReceiveCplt), (10 bytes).
    Removing stm32f1xx_hal_spi.o(i.SPI_DMAHalfTransmitCplt), (10 bytes).
    Removing stm32f1xx_hal_spi.o(i.SPI_DMAHalfTransmitReceiveCplt), (10 bytes).
    Removing stm32f1xx_hal_spi.o(i.SPI_DMAReceiveCplt), (82 bytes).
    Removing stm32f1xx_hal_spi.o(i.SPI_DMARxAbortCallback), (66 bytes).
    Removing stm32f1xx_hal_spi.o(i.SPI_DMATransmitCplt), (90 bytes).
    Removing stm32f1xx_hal_spi.o(i.SPI_DMATransmitReceiveCplt), (80 bytes).
    Removing stm32f1xx_hal_spi.o(i.SPI_DMATxAbortCallback), (96 bytes).
    Removing stm32f1xx_hal_spi.o(i.SPI_ISCRCErrorValid), (4 bytes).
    Removing stm32f1xx_hal_spi.o(i.SPI_RxISR_16BIT), (32 bytes).
    Removing stm32f1xx_hal_spi.o(i.SPI_RxISR_8BIT), (30 bytes).
    Removing stm32f1xx_hal_spi.o(i.SPI_TxISR_16BIT), (32 bytes).
    Removing stm32f1xx_hal_spi.o(i.SPI_TxISR_8BIT), (30 bytes).
    Removing stm32f1xx_hal_spi.o(i.SPI_WaitFlagStateUntilTimeout), (150 bytes).
    Removing stm32f1xx_hal_spi_ex.o(.rev16_text), (4 bytes).
    Removing stm32f1xx_hal_spi_ex.o(.revsh_text), (4 bytes).
    Removing stm32f1xx_hal_spi_ex.o(.rrx_text), (6 bytes).
    Removing stm32f1xx_hal_tim.o(.rev16_text), (4 bytes).
    Removing stm32f1xx_hal_tim.o(.revsh_text), (4 bytes).
    Removing stm32f1xx_hal_tim.o(.rrx_text), (6 bytes).
    Removing stm32f1xx_hal_tim_ex.o(.rev16_text), (4 bytes).
    Removing stm32f1xx_hal_tim_ex.o(.revsh_text), (4 bytes).
    Removing stm32f1xx_hal_tim_ex.o(.rrx_text), (6 bytes).
    Removing stm32f1xx_hal_uart.o(.rev16_text), (4 bytes).
    Removing stm32f1xx_hal_uart.o(.revsh_text), (4 bytes).
    Removing stm32f1xx_hal_uart.o(.rrx_text), (6 bytes).
    Removing stm32f1xx_hal_uart.o(i.HAL_HalfDuplex_EnableReceiver), (50 bytes).
    Removing stm32f1xx_hal_uart.o(i.HAL_HalfDuplex_EnableTransmitter), (50 bytes).
    Removing stm32f1xx_hal_uart.o(i.HAL_HalfDuplex_Init), (108 bytes).
    Removing stm32f1xx_hal_uart.o(i.HAL_LIN_Init), (122 bytes).
    Removing stm32f1xx_hal_uart.o(i.HAL_LIN_SendBreak), (46 bytes).
    Removing stm32f1xx_hal_uart.o(i.HAL_MultiProcessor_EnterMuteMode), (46 bytes).
    Removing stm32f1xx_hal_uart.o(i.HAL_MultiProcessor_ExitMuteMode), (46 bytes).
    Removing stm32f1xx_hal_uart.o(i.HAL_MultiProcessor_Init), (130 bytes).
    Removing stm32f1xx_hal_uart.o(i.HAL_UART_Abort), (104 bytes).
    Removing stm32f1xx_hal_uart.o(i.HAL_UART_AbortCpltCallback), (2 bytes).
    Removing stm32f1xx_hal_uart.o(i.HAL_UART_AbortReceive), (68 bytes).
    Removing stm32f1xx_hal_uart.o(i.HAL_UART_AbortReceiveCpltCallback), (2 bytes).
    Removing stm32f1xx_hal_uart.o(i.HAL_UART_AbortReceive_IT), (92 bytes).
    Removing stm32f1xx_hal_uart.o(i.HAL_UART_AbortTransmit), (58 bytes).
    Removing stm32f1xx_hal_uart.o(i.HAL_UART_AbortTransmitCpltCallback), (2 bytes).
    Removing stm32f1xx_hal_uart.o(i.HAL_UART_AbortTransmit_IT), (84 bytes).
    Removing stm32f1xx_hal_uart.o(i.HAL_UART_Abort_IT), (172 bytes).
    Removing stm32f1xx_hal_uart.o(i.HAL_UART_DMAPause), (102 bytes).
    Removing stm32f1xx_hal_uart.o(i.HAL_UART_DMAResume), (94 bytes).
    Removing stm32f1xx_hal_uart.o(i.HAL_UART_DMAStop), (88 bytes).
    Removing stm32f1xx_hal_uart.o(i.HAL_UART_DeInit), (40 bytes).
    Removing stm32f1xx_hal_uart.o(i.HAL_UART_GetError), (4 bytes).
    Removing stm32f1xx_hal_uart.o(i.HAL_UART_GetState), (10 bytes).
    Removing stm32f1xx_hal_uart.o(i.HAL_UART_MspDeInit), (2 bytes).
    Removing stm32f1xx_hal_uart.o(i.HAL_UART_MspInit), (2 bytes).
    Removing stm32f1xx_hal_uart.o(i.HAL_UART_Receive), (184 bytes).
    Removing stm32f1xx_hal_uart.o(i.HAL_UART_Receive_DMA), (152 bytes).
    Removing stm32f1xx_hal_uart.o(i.HAL_UART_Receive_IT), (82 bytes).
    Removing stm32f1xx_hal_uart.o(i.HAL_UART_RxHalfCpltCallback), (2 bytes).
    Removing stm32f1xx_hal_uart.o(i.HAL_UART_Transmit_DMA), (128 bytes).
    Removing stm32f1xx_hal_uart.o(i.HAL_UART_Transmit_IT), (62 bytes).
    Removing stm32f1xx_hal_uart.o(i.HAL_UART_TxHalfCpltCallback), (2 bytes).
    Removing stm32f1xx_hal_uart.o(i.UART_DMAError), (74 bytes).
    Removing stm32f1xx_hal_uart.o(i.UART_DMAReceiveCplt), (60 bytes).
    Removing stm32f1xx_hal_uart.o(i.UART_DMARxAbortCallback), (42 bytes).
    Removing stm32f1xx_hal_uart.o(i.UART_DMARxHalfCplt), (10 bytes).
    Removing stm32f1xx_hal_uart.o(i.UART_DMARxOnlyAbortCallback), (20 bytes).
    Removing stm32f1xx_hal_uart.o(i.UART_DMATransmitCplt), (46 bytes).
    Removing stm32f1xx_hal_uart.o(i.UART_DMATxAbortCallback), (42 bytes).
    Removing stm32f1xx_hal_uart.o(i.UART_DMATxHalfCplt), (10 bytes).
    Removing stm32f1xx_hal_uart.o(i.UART_DMATxOnlyAbortCallback), (20 bytes).
    Removing stm32f1xx_hal_uart.o(i.UART_EndTxTransfer), (18 bytes).
    Removing stm32f1xx_hal.o(.rev16_text), (4 bytes).
    Removing stm32f1xx_hal.o(.revsh_text), (4 bytes).
    Removing stm32f1xx_hal.o(.rrx_text), (6 bytes).
    Removing stm32f1xx_hal.o(i.HAL_DBGMCU_DisableDBGSleepMode), (16 bytes).
    Removing stm32f1xx_hal.o(i.HAL_DBGMCU_DisableDBGStandbyMode), (16 bytes).
    Removing stm32f1xx_hal.o(i.HAL_DBGMCU_DisableDBGStopMode), (16 bytes).
    Removing stm32f1xx_hal.o(i.HAL_DBGMCU_EnableDBGSleepMode), (16 bytes).
    Removing stm32f1xx_hal.o(i.HAL_DBGMCU_EnableDBGStandbyMode), (16 bytes).
    Removing stm32f1xx_hal.o(i.HAL_DBGMCU_EnableDBGStopMode), (16 bytes).
    Removing stm32f1xx_hal.o(i.HAL_DeInit), (32 bytes).
    Removing stm32f1xx_hal.o(i.HAL_Delay), (36 bytes).
    Removing stm32f1xx_hal.o(i.HAL_GetDEVID), (16 bytes).
    Removing stm32f1xx_hal.o(i.HAL_GetHalVersion), (8 bytes).
    Removing stm32f1xx_hal.o(i.HAL_GetREVID), (12 bytes).
    Removing stm32f1xx_hal.o(i.HAL_GetTickFreq), (12 bytes).
    Removing stm32f1xx_hal.o(i.HAL_GetTickPrio), (12 bytes).
    Removing stm32f1xx_hal.o(i.HAL_GetUID), (28 bytes).
    Removing stm32f1xx_hal.o(i.HAL_MspDeInit), (2 bytes).
    Removing stm32f1xx_hal.o(i.HAL_MspInit), (2 bytes).
    Removing stm32f1xx_hal.o(i.HAL_ResumeTick), (14 bytes).
    Removing stm32f1xx_hal.o(i.HAL_SetTickFreq), (28 bytes).
    Removing stm32f1xx_hal.o(i.HAL_SuspendTick), (14 bytes).
    Removing stm32f1xx_hal_rcc.o(.rev16_text), (4 bytes).
    Removing stm32f1xx_hal_rcc.o(.revsh_text), (4 bytes).
    Removing stm32f1xx_hal_rcc.o(.rrx_text), (6 bytes).
    Removing stm32f1xx_hal_rcc.o(i.HAL_RCC_CSSCallback), (2 bytes).
    Removing stm32f1xx_hal_rcc.o(i.HAL_RCC_DeInit), (216 bytes).
    Removing stm32f1xx_hal_rcc.o(i.HAL_RCC_DisableCSS), (12 bytes).
    Removing stm32f1xx_hal_rcc.o(i.HAL_RCC_EnableCSS), (12 bytes).
    Removing stm32f1xx_hal_rcc.o(i.HAL_RCC_GetClockConfig), (52 bytes).
    Removing stm32f1xx_hal_rcc.o(i.HAL_RCC_GetHCLKFreq), (12 bytes).
    Removing stm32f1xx_hal_rcc.o(i.HAL_RCC_GetOscConfig), (144 bytes).
    Removing stm32f1xx_hal_rcc.o(i.HAL_RCC_MCOConfig), (72 bytes).
    Removing stm32f1xx_hal_rcc.o(i.HAL_RCC_NMI_IRQHandler), (24 bytes).
    Removing stm32f1xx_hal_rcc_ex.o(.rev16_text), (4 bytes).
    Removing stm32f1xx_hal_rcc_ex.o(.revsh_text), (4 bytes).
    Removing stm32f1xx_hal_rcc_ex.o(.rrx_text), (6 bytes).
    Removing stm32f1xx_hal_rcc_ex.o(i.HAL_RCCEx_GetPeriphCLKConfig), (32 bytes).
    Removing stm32f1xx_hal_rcc_ex.o(i.HAL_RCCEx_GetPeriphCLKFreq), (92 bytes).
    Removing stm32f1xx_hal_rcc_ex.o(i.HAL_RCCEx_PeriphCLKConfig), (220 bytes).
    Removing stm32f1xx_hal_gpio.o(.rev16_text), (4 bytes).
    Removing stm32f1xx_hal_gpio.o(.revsh_text), (4 bytes).
    Removing stm32f1xx_hal_gpio.o(.rrx_text), (6 bytes).
    Removing stm32f1xx_hal_gpio.o(i.HAL_GPIO_DeInit), (228 bytes).
    Removing stm32f1xx_hal_gpio.o(i.HAL_GPIO_EXTI_Callback), (2 bytes).
    Removing stm32f1xx_hal_gpio.o(i.HAL_GPIO_EXTI_IRQHandler), (24 bytes).
    Removing stm32f1xx_hal_gpio.o(i.HAL_GPIO_LockPin), (34 bytes).
    Removing stm32f1xx_hal_gpio.o(i.HAL_GPIO_TogglePin), (8 bytes).
    Removing stm32f1xx_hal_dma.o(.rev16_text), (4 bytes).
    Removing stm32f1xx_hal_dma.o(.revsh_text), (4 bytes).
    Removing stm32f1xx_hal_dma.o(.rrx_text), (6 bytes).
    Removing stm32f1xx_hal_dma.o(i.DMA_SetConfig), (42 bytes).
    Removing stm32f1xx_hal_dma.o(i.HAL_DMA_Abort), (48 bytes).
    Removing stm32f1xx_hal_dma.o(i.HAL_DMA_DeInit), (92 bytes).
    Removing stm32f1xx_hal_dma.o(i.HAL_DMA_GetError), (4 bytes).
    Removing stm32f1xx_hal_dma.o(i.HAL_DMA_GetState), (6 bytes).
    Removing stm32f1xx_hal_dma.o(i.HAL_DMA_IRQHandler), (340 bytes).
    Removing stm32f1xx_hal_dma.o(i.HAL_DMA_Init), (92 bytes).
    Removing stm32f1xx_hal_dma.o(i.HAL_DMA_PollForTransfer), (532 bytes).
    Removing stm32f1xx_hal_dma.o(i.HAL_DMA_RegisterCallback), (74 bytes).
    Removing stm32f1xx_hal_dma.o(i.HAL_DMA_Start), (80 bytes).
    Removing stm32f1xx_hal_dma.o(i.HAL_DMA_Start_IT), (112 bytes).
    Removing stm32f1xx_hal_dma.o(i.HAL_DMA_UnRegisterCallback), (82 bytes).
    Removing stm32f1xx_hal_cortex.o(.rev16_text), (4 bytes).
    Removing stm32f1xx_hal_cortex.o(.revsh_text), (4 bytes).
    Removing stm32f1xx_hal_cortex.o(.rrx_text), (6 bytes).
    Removing stm32f1xx_hal_cortex.o(i.HAL_NVIC_ClearPendingIRQ), (22 bytes).
    Removing stm32f1xx_hal_cortex.o(i.HAL_NVIC_DisableIRQ), (22 bytes).
    Removing stm32f1xx_hal_cortex.o(i.HAL_NVIC_GetActive), (32 bytes).
    Removing stm32f1xx_hal_cortex.o(i.HAL_NVIC_GetPendingIRQ), (32 bytes).
    Removing stm32f1xx_hal_cortex.o(i.HAL_NVIC_GetPriority), (82 bytes).
    Removing stm32f1xx_hal_cortex.o(i.HAL_NVIC_GetPriorityGrouping), (16 bytes).
    Removing stm32f1xx_hal_cortex.o(i.HAL_NVIC_SetPendingIRQ), (22 bytes).
    Removing stm32f1xx_hal_cortex.o(i.HAL_NVIC_SystemReset), (36 bytes).
    Removing stm32f1xx_hal_cortex.o(i.HAL_SYSTICK_CLKSourceConfig), (24 bytes).
    Removing stm32f1xx_hal_cortex.o(i.HAL_SYSTICK_Callback), (2 bytes).
    Removing stm32f1xx_hal_cortex.o(i.HAL_SYSTICK_IRQHandler), (8 bytes).
    Removing stm32f1xx_hal_pwr.o(.rev16_text), (4 bytes).
    Removing stm32f1xx_hal_pwr.o(.revsh_text), (4 bytes).
    Removing stm32f1xx_hal_pwr.o(.rrx_text), (6 bytes).
    Removing stm32f1xx_hal_pwr.o(i.HAL_PWR_ConfigPVD), (124 bytes).
    Removing stm32f1xx_hal_pwr.o(i.HAL_PWR_DeInit), (24 bytes).
    Removing stm32f1xx_hal_pwr.o(i.HAL_PWR_DisableBkUpAccess), (12 bytes).
    Removing stm32f1xx_hal_pwr.o(i.HAL_PWR_DisablePVD), (12 bytes).
    Removing stm32f1xx_hal_pwr.o(i.HAL_PWR_DisableSEVOnPend), (16 bytes).
    Removing stm32f1xx_hal_pwr.o(i.HAL_PWR_DisableSleepOnExit), (16 bytes).
    Removing stm32f1xx_hal_pwr.o(i.HAL_PWR_DisableWakeUpPin), (28 bytes).
    Removing stm32f1xx_hal_pwr.o(i.HAL_PWR_EnableBkUpAccess), (12 bytes).
    Removing stm32f1xx_hal_pwr.o(i.HAL_PWR_EnablePVD), (12 bytes).
    Removing stm32f1xx_hal_pwr.o(i.HAL_PWR_EnableSEVOnPend), (16 bytes).
    Removing stm32f1xx_hal_pwr.o(i.HAL_PWR_EnableSleepOnExit), (16 bytes).
    Removing stm32f1xx_hal_pwr.o(i.HAL_PWR_EnableWakeUpPin), (28 bytes).
    Removing stm32f1xx_hal_pwr.o(i.HAL_PWR_EnterSLEEPMode), (32 bytes).
    Removing stm32f1xx_hal_pwr.o(i.HAL_PWR_EnterSTANDBYMode), (32 bytes).
    Removing stm32f1xx_hal_pwr.o(i.HAL_PWR_EnterSTOPMode), (68 bytes).
    Removing stm32f1xx_hal_pwr.o(i.HAL_PWR_PVDCallback), (2 bytes).
    Removing stm32f1xx_hal_pwr.o(i.HAL_PWR_PVD_IRQHandler), (28 bytes).
    Removing stm32f1xx_hal_pwr.o(i.PWR_OverloadWfe), (6 bytes).
    Removing stm32f1xx_hal_flash.o(.rev16_text), (4 bytes).
    Removing stm32f1xx_hal_flash.o(.revsh_text), (4 bytes).
    Removing stm32f1xx_hal_flash.o(.rrx_text), (6 bytes).
    Removing stm32f1xx_hal_flash.o(i.FLASH_Program_HalfWord), (28 bytes).
    Removing stm32f1xx_hal_flash.o(i.FLASH_SetErrorCode), (92 bytes).
    Removing stm32f1xx_hal_flash.o(i.FLASH_WaitForLastOperation), (84 bytes).
    Removing stm32f1xx_hal_flash.o(i.HAL_FLASH_EndOfOperationCallback), (2 bytes).
    Removing stm32f1xx_hal_flash.o(i.HAL_FLASH_GetError), (12 bytes).
    Removing stm32f1xx_hal_flash.o(i.HAL_FLASH_IRQHandler), (264 bytes).
    Removing stm32f1xx_hal_flash.o(i.HAL_FLASH_Lock), (20 bytes).
    Removing stm32f1xx_hal_flash.o(i.HAL_FLASH_OB_Launch), (4 bytes).
    Removing stm32f1xx_hal_flash.o(i.HAL_FLASH_OB_Lock), (20 bytes).
    Removing stm32f1xx_hal_flash.o(i.HAL_FLASH_OB_Unlock), (36 bytes).
    Removing stm32f1xx_hal_flash.o(i.HAL_FLASH_OperationErrorCallback), (2 bytes).
    Removing stm32f1xx_hal_flash.o(i.HAL_FLASH_Program), (128 bytes).
    Removing stm32f1xx_hal_flash.o(i.HAL_FLASH_Program_IT), (100 bytes).
    Removing stm32f1xx_hal_flash.o(i.HAL_FLASH_Unlock), (40 bytes).
    Removing stm32f1xx_hal_flash.o(.bss), (32 bytes).
    Removing stm32f1xx_hal_flash_ex.o(.rev16_text), (4 bytes).
    Removing stm32f1xx_hal_flash_ex.o(.revsh_text), (4 bytes).
    Removing stm32f1xx_hal_flash_ex.o(.rrx_text), (6 bytes).
    Removing stm32f1xx_hal_flash_ex.o(i.FLASH_MassErase), (36 bytes).
    Removing stm32f1xx_hal_flash_ex.o(i.FLASH_OB_DisableWRP), (176 bytes).
    Removing stm32f1xx_hal_flash_ex.o(i.FLASH_OB_EnableWRP), (176 bytes).
    Removing stm32f1xx_hal_flash_ex.o(i.FLASH_OB_GetRDP), (24 bytes).
    Removing stm32f1xx_hal_flash_ex.o(i.FLASH_OB_RDP_LevelConfig), (100 bytes).
    Removing stm32f1xx_hal_flash_ex.o(i.FLASH_PageErase), (36 bytes).
    Removing stm32f1xx_hal_flash_ex.o(i.HAL_FLASHEx_Erase), (168 bytes).
    Removing stm32f1xx_hal_flash_ex.o(i.HAL_FLASHEx_Erase_IT), (84 bytes).
    Removing stm32f1xx_hal_flash_ex.o(i.HAL_FLASHEx_OBErase), (84 bytes).
    Removing stm32f1xx_hal_flash_ex.o(i.HAL_FLASHEx_OBGetConfig), (36 bytes).
    Removing stm32f1xx_hal_flash_ex.o(i.HAL_FLASHEx_OBGetUserData), (32 bytes).
    Removing stm32f1xx_hal_flash_ex.o(i.HAL_FLASHEx_OBProgram), (200 bytes).
    Removing system_stm32f1xx.o(.rev16_text), (4 bytes).
    Removing system_stm32f1xx.o(.revsh_text), (4 bytes).
    Removing system_stm32f1xx.o(.rrx_text), (6 bytes).
    Removing system_stm32f1xx.o(i.SystemCoreClockUpdate), (112 bytes).

342 unused section(s) (total 24681 bytes) removed from the image.

==============================================================================

Image Symbol Table

    Local Symbols

    Symbol Name                              Value     Ov Type        Size  Object(Section)

    ../Drivers/STM32F1xx_HAL_Driver/Src/stm32f1xx_hal.c 0x00000000   Number         0  stm32f1xx_hal.o ABSOLUTE
    ../Drivers/STM32F1xx_HAL_Driver/Src/stm32f1xx_hal_cortex.c 0x00000000   Number         0  stm32f1xx_hal_cortex.o ABSOLUTE
    ../Drivers/STM32F1xx_HAL_Driver/Src/stm32f1xx_hal_dma.c 0x00000000   Number         0  stm32f1xx_hal_dma.o ABSOLUTE
    ../Drivers/STM32F1xx_HAL_Driver/Src/stm32f1xx_hal_flash.c 0x00000000   Number         0  stm32f1xx_hal_flash.o ABSOLUTE
    ../Drivers/STM32F1xx_HAL_Driver/Src/stm32f1xx_hal_flash_ex.c 0x00000000   Number         0  stm32f1xx_hal_flash_ex.o ABSOLUTE
    ../Drivers/STM32F1xx_HAL_Driver/Src/stm32f1xx_hal_gpio.c 0x00000000   Number         0  stm32f1xx_hal_gpio.o ABSOLUTE
    ../Drivers/STM32F1xx_HAL_Driver/Src/stm32f1xx_hal_gpio_ex.c 0x00000000   Number         0  stm32f1xx_hal_gpio_ex.o ABSOLUTE
    ../Drivers/STM32F1xx_HAL_Driver/Src/stm32f1xx_hal_i2c.c 0x00000000   Number         0  stm32f1xx_hal_i2c.o ABSOLUTE
    ../Drivers/STM32F1xx_HAL_Driver/Src/stm32f1xx_hal_pwr.c 0x00000000   Number         0  stm32f1xx_hal_pwr.o ABSOLUTE
    ../Drivers/STM32F1xx_HAL_Driver/Src/stm32f1xx_hal_rcc.c 0x00000000   Number         0  stm32f1xx_hal_rcc.o ABSOLUTE
    ../Drivers/STM32F1xx_HAL_Driver/Src/stm32f1xx_hal_rcc_ex.c 0x00000000   Number         0  stm32f1xx_hal_rcc_ex.o ABSOLUTE
    ../Drivers/STM32F1xx_HAL_Driver/Src/stm32f1xx_hal_spi.c 0x00000000   Number         0  stm32f1xx_hal_spi.o ABSOLUTE
    ../Drivers/STM32F1xx_HAL_Driver/Src/stm32f1xx_hal_spi_ex.c 0x00000000   Number         0  stm32f1xx_hal_spi_ex.o ABSOLUTE
    ../Drivers/STM32F1xx_HAL_Driver/Src/stm32f1xx_hal_tim.c 0x00000000   Number         0  stm32f1xx_hal_tim.o ABSOLUTE
    ../Drivers/STM32F1xx_HAL_Driver/Src/stm32f1xx_hal_tim_ex.c 0x00000000   Number         0  stm32f1xx_hal_tim_ex.o ABSOLUTE
    ../Drivers/STM32F1xx_HAL_Driver/Src/stm32f1xx_hal_uart.c 0x00000000   Number         0  stm32f1xx_hal_uart.o ABSOLUTE
    ../Src/main.c                            0x00000000   Number         0  main.o ABSOLUTE
    ../Src/stm32f1xx_hal_msp.c               0x00000000   Number         0  stm32f1xx_hal_msp.o ABSOLUTE
    ../Src/stm32f1xx_it.c                    0x00000000   Number         0  stm32f1xx_it.o ABSOLUTE
    ../Src/system_stm32f1xx.c                0x00000000   Number         0  system_stm32f1xx.o ABSOLUTE
    ../clib/microlib/init/entry.s            0x00000000   Number         0  entry9a.o ABSOLUTE
    ../clib/microlib/init/entry.s            0x00000000   Number         0  entry11b.o ABSOLUTE
    ../clib/microlib/init/entry.s            0x00000000   Number         0  entry8a.o ABSOLUTE
    ../clib/microlib/init/entry.s            0x00000000   Number         0  entry7b.o ABSOLUTE
    ../clib/microlib/init/entry.s            0x00000000   Number         0  entry7a.o ABSOLUTE
    ../clib/microlib/init/entry.s            0x00000000   Number         0  entry5.o ABSOLUTE
    ../clib/microlib/init/entry.s            0x00000000   Number         0  entry8b.o ABSOLUTE
    ../clib/microlib/init/entry.s            0x00000000   Number         0  entry.o ABSOLUTE
    ../clib/microlib/init/entry.s            0x00000000   Number         0  entry2.o ABSOLUTE
    ../clib/microlib/init/entry.s            0x00000000   Number         0  entry9b.o ABSOLUTE
    ../clib/microlib/init/entry.s            0x00000000   Number         0  entry10a.o ABSOLUTE
    ../clib/microlib/init/entry.s            0x00000000   Number         0  entry10b.o ABSOLUTE
    ../clib/microlib/init/entry.s            0x00000000   Number         0  entry11a.o ABSOLUTE
    ../clib/microlib/longlong.c              0x00000000   Number         0  llushr.o ABSOLUTE
    ../clib/microlib/string/memset.c         0x00000000   Number         0  memseta.o ABSOLUTE
    ../clib/microlib/string/strlen.c         0x00000000   Number         0  strlen.o ABSOLUTE
    ..\Drivers\STM32F1xx_HAL_Driver\Src\stm32f1xx_hal.c 0x00000000   Number         0  stm32f1xx_hal.o ABSOLUTE
    ..\Drivers\STM32F1xx_HAL_Driver\Src\stm32f1xx_hal_cortex.c 0x00000000   Number         0  stm32f1xx_hal_cortex.o ABSOLUTE
    ..\Drivers\STM32F1xx_HAL_Driver\Src\stm32f1xx_hal_dma.c 0x00000000   Number         0  stm32f1xx_hal_dma.o ABSOLUTE
    ..\Drivers\STM32F1xx_HAL_Driver\Src\stm32f1xx_hal_flash.c 0x00000000   Number         0  stm32f1xx_hal_flash.o ABSOLUTE
    ..\Drivers\STM32F1xx_HAL_Driver\Src\stm32f1xx_hal_flash_ex.c 0x00000000   Number         0  stm32f1xx_hal_flash_ex.o ABSOLUTE
    ..\Drivers\STM32F1xx_HAL_Driver\Src\stm32f1xx_hal_gpio.c 0x00000000   Number         0  stm32f1xx_hal_gpio.o ABSOLUTE
    ..\Drivers\STM32F1xx_HAL_Driver\Src\stm32f1xx_hal_gpio_ex.c 0x00000000   Number         0  stm32f1xx_hal_gpio_ex.o ABSOLUTE
    ..\Drivers\STM32F1xx_HAL_Driver\Src\stm32f1xx_hal_i2c.c 0x00000000   Number         0  stm32f1xx_hal_i2c.o ABSOLUTE
    ..\Drivers\STM32F1xx_HAL_Driver\Src\stm32f1xx_hal_pwr.c 0x00000000   Number         0  stm32f1xx_hal_pwr.o ABSOLUTE
    ..\Drivers\STM32F1xx_HAL_Driver\Src\stm32f1xx_hal_rcc.c 0x00000000   Number         0  stm32f1xx_hal_rcc.o ABSOLUTE
    ..\Drivers\STM32F1xx_HAL_Driver\Src\stm32f1xx_hal_rcc_ex.c 0x00000000   Number         0  stm32f1xx_hal_rcc_ex.o ABSOLUTE
    ..\Drivers\STM32F1xx_HAL_Driver\Src\stm32f1xx_hal_spi.c 0x00000000   Number         0  stm32f1xx_hal_spi.o ABSOLUTE
    ..\Drivers\STM32F1xx_HAL_Driver\Src\stm32f1xx_hal_spi_ex.c 0x00000000   Number         0  stm32f1xx_hal_spi_ex.o ABSOLUTE
    ..\Drivers\STM32F1xx_HAL_Driver\Src\stm32f1xx_hal_tim.c 0x00000000   Number         0  stm32f1xx_hal_tim.o ABSOLUTE
    ..\Drivers\STM32F1xx_HAL_Driver\Src\stm32f1xx_hal_tim_ex.c 0x00000000   Number         0  stm32f1xx_hal_tim_ex.o ABSOLUTE
    ..\Drivers\STM32F1xx_HAL_Driver\Src\stm32f1xx_hal_uart.c 0x00000000   Number         0  stm32f1xx_hal_uart.o ABSOLUTE
    ..\Src\main.c                            0x00000000   Number         0  main.o ABSOLUTE
    ..\Src\stm32f1xx_hal_msp.c               0x00000000   Number         0  stm32f1xx_hal_msp.o ABSOLUTE
    ..\Src\stm32f1xx_it.c                    0x00000000   Number         0  stm32f1xx_it.o ABSOLUTE
    ..\Src\system_stm32f1xx.c                0x00000000   Number         0  system_stm32f1xx.o ABSOLUTE
    ..\Src\uart.c                            0x00000000   Number         0  uart.o ABSOLUTE
    ..\\Src\\uart.c                          0x00000000   Number         0  uart.o ABSOLUTE
    dc.s                                     0x00000000   Number         0  dc.o ABSOLUTE
    handlers.s                               0x00000000   Number         0  handlers.o ABSOLUTE
    init.s                                   0x00000000   Number         0  init.o ABSOLUTE
    startup_stm32f100xb.s                    0x00000000   Number         0  startup_stm32f100xb.o ABSOLUTE
    RESET                                    0x08000000   Section      288  startup_stm32f100xb.o(RESET)
    .ARM.Collect$$$$00000000                 0x08000120   Section        0  entry.o(.ARM.Collect$$$$00000000)
    .ARM.Collect$$$$00000001                 0x08000120   Section        4  entry2.o(.ARM.Collect$$$$00000001)
    .ARM.Collect$$$$00000004                 0x08000124   Section        4  entry5.o(.ARM.Collect$$$$00000004)
    .ARM.Collect$$$$00000008                 0x08000128   Section        0  entry7b.o(.ARM.Collect$$$$00000008)
    .ARM.Collect$$$$0000000A                 0x08000128   Section        0  entry8b.o(.ARM.Collect$$$$0000000A)
    .ARM.Collect$$$$0000000B                 0x08000128   Section        8  entry9a.o(.ARM.Collect$$$$0000000B)
    .ARM.Collect$$$$0000000D                 0x08000130   Section        0  entry10a.o(.ARM.Collect$$$$0000000D)
    .ARM.Collect$$$$0000000F                 0x08000130   Section        0  entry11a.o(.ARM.Collect$$$$0000000F)
    .ARM.Collect$$$$00002712                 0x08000130   Section        4  entry2.o(.ARM.Collect$$$$00002712)
    __lit__00000000                          0x08000130   Data           4  entry2.o(.ARM.Collect$$$$00002712)
    .text                                    0x08000134   Section       36  startup_stm32f100xb.o(.text)
    .text                                    0x08000158   Section        0  memseta.o(.text)
    .text                                    0x0800017c   Section        0  strlen.o(.text)
    .text                                    0x0800018c   Section       36  init.o(.text)
    i.BusFault_Handler                       0x080001b0   Section        0  stm32f1xx_it.o(i.BusFault_Handler)
    i.DebugMon_Handler                       0x080001b2   Section        0  stm32f1xx_it.o(i.DebugMon_Handler)
    i.HAL_DMA_Abort_IT                       0x080001b4   Section        0  stm32f1xx_hal_dma.o(i.HAL_DMA_Abort_IT)
    i.HAL_GPIO_Init                          0x0800024c   Section        0  stm32f1xx_hal_gpio.o(i.HAL_GPIO_Init)
    i.HAL_GPIO_ReadPin                       0x08000408   Section        0  stm32f1xx_hal_gpio.o(i.HAL_GPIO_ReadPin)
    i.HAL_GPIO_WritePin                      0x08000412   Section        0  stm32f1xx_hal_gpio.o(i.HAL_GPIO_WritePin)
    i.HAL_GetTick                            0x0800041c   Section        0  stm32f1xx_hal.o(i.HAL_GetTick)
    i.HAL_I2C_Init                           0x08000428   Section        0  stm32f1xx_hal_i2c.o(i.HAL_I2C_Init)
    i.HAL_I2C_MspInit                        0x08000568   Section        0  stm32f1xx_hal_msp.o(i.HAL_I2C_MspInit)
    i.HAL_IncTick                            0x080005c4   Section        0  stm32f1xx_hal.o(i.HAL_IncTick)
    i.HAL_Init                               0x080005d4   Section        0  stm32f1xx_hal.o(i.HAL_Init)
    i.HAL_InitTick                           0x080005ec   Section        0  stm32f1xx_hal.o(i.HAL_InitTick)
    i.HAL_MspInit                            0x0800062c   Section        0  stm32f1xx_hal_msp.o(i.HAL_MspInit)
    i.HAL_NVIC_EnableIRQ                     0x08000668   Section        0  stm32f1xx_hal_cortex.o(i.HAL_NVIC_EnableIRQ)
    i.HAL_NVIC_SetPriority                   0x08000680   Section        0  stm32f1xx_hal_cortex.o(i.HAL_NVIC_SetPriority)
    i.HAL_NVIC_SetPriorityGrouping           0x080006c0   Section        0  stm32f1xx_hal_cortex.o(i.HAL_NVIC_SetPriorityGrouping)
    i.HAL_RCC_ClockConfig                    0x080006e4   Section        0  stm32f1xx_hal_rcc.o(i.HAL_RCC_ClockConfig)
    i.HAL_RCC_GetPCLK1Freq                   0x080007f8   Section        0  stm32f1xx_hal_rcc.o(i.HAL_RCC_GetPCLK1Freq)
    i.HAL_RCC_GetPCLK2Freq                   0x08000818   Section        0  stm32f1xx_hal_rcc.o(i.HAL_RCC_GetPCLK2Freq)
    i.HAL_RCC_GetSysClockFreq                0x08000838   Section        0  stm32f1xx_hal_rcc.o(i.HAL_RCC_GetSysClockFreq)
    i.HAL_RCC_OscConfig                      0x080008b4   Section        0  stm32f1xx_hal_rcc.o(i.HAL_RCC_OscConfig)
    i.HAL_SPI_Init                           0x08000bb8   Section        0  stm32f1xx_hal_spi_ex.o(i.HAL_SPI_Init)
    i.HAL_SPI_MspInit                        0x08000c30   Section        0  stm32f1xx_hal_msp.o(i.HAL_SPI_MspInit)
    i.HAL_SYSTICK_Config                     0x08000ca0   Section        0  stm32f1xx_hal_cortex.o(i.HAL_SYSTICK_Config)
    i.HAL_UART_ErrorCallback                 0x08000cc8   Section        0  stm32f1xx_hal_uart.o(i.HAL_UART_ErrorCallback)
    i.HAL_UART_IRQHandler                    0x08000ccc   Section        0  stm32f1xx_hal_uart.o(i.HAL_UART_IRQHandler)
    i.HAL_UART_Init                          0x08000ddc   Section        0  stm32f1xx_hal_uart.o(i.HAL_UART_Init)
    i.HAL_UART_MspInit                       0x08000e40   Section        0  stm32f1xx_hal_msp.o(i.HAL_UART_MspInit)
    i.HAL_UART_RxCpltCallback                0x08000f18   Section        0  stm32f1xx_hal_uart.o(i.HAL_UART_RxCpltCallback)
    i.HAL_UART_Transmit                      0x08000f1a   Section        0  stm32f1xx_hal_uart.o(i.HAL_UART_Transmit)
    i.HAL_UART_TxCpltCallback                0x08000fd4   Section        0  stm32f1xx_hal_uart.o(i.HAL_UART_TxCpltCallback)
    i.HardFault_Handler                      0x08000fd6   Section        0  stm32f1xx_it.o(i.HardFault_Handler)
    i.MX_GPIO_Init                           0x08000fd8   Section        0  main.o(i.MX_GPIO_Init)
    MX_GPIO_Init                             0x08000fd9   Thumb Code   136  main.o(i.MX_GPIO_Init)
    i.MX_SPI1_Init                           0x0800106c   Section        0  main.o(i.MX_SPI1_Init)
    MX_SPI1_Init                             0x0800106d   Thumb Code    44  main.o(i.MX_SPI1_Init)
    i.MemManage_Handler                      0x080010a0   Section        0  stm32f1xx_it.o(i.MemManage_Handler)
    i.NMI_Handler                            0x080010a2   Section        0  stm32f1xx_it.o(i.NMI_Handler)
    i.NVIC_SetPriority                       0x080010a4   Section        0  stm32f1xx_hal_cortex.o(i.NVIC_SetPriority)
    NVIC_SetPriority                         0x080010a5   Thumb Code    32  stm32f1xx_hal_cortex.o(i.NVIC_SetPriority)
    i.PendSV_Handler                         0x080010c4   Section        0  stm32f1xx_it.o(i.PendSV_Handler)
    i.SVC_Handler                            0x080010c6   Section        0  stm32f1xx_it.o(i.SVC_Handler)
    i.SysTick_Handler                        0x080010c8   Section        0  stm32f1xx_it.o(i.SysTick_Handler)
    i.SystemClock_Config                     0x080010cc   Section        0  main.o(i.SystemClock_Config)
    i.SystemInit                             0x08001118   Section        0  system_stm32f1xx.o(i.SystemInit)
    i.UART_DMAAbortOnError                   0x08001164   Section        0  stm32f1xx_hal_uart.o(i.UART_DMAAbortOnError)
    UART_DMAAbortOnError                     0x08001165   Thumb Code    16  stm32f1xx_hal_uart.o(i.UART_DMAAbortOnError)
    i.UART_EndRxTransfer                     0x08001174   Section        0  stm32f1xx_hal_uart.o(i.UART_EndRxTransfer)
    UART_EndRxTransfer                       0x08001175   Thumb Code    28  stm32f1xx_hal_uart.o(i.UART_EndRxTransfer)
    i.UART_Receive_IT                        0x08001190   Section        0  stm32f1xx_hal_uart.o(i.UART_Receive_IT)
    UART_Receive_IT                          0x08001191   Thumb Code   150  stm32f1xx_hal_uart.o(i.UART_Receive_IT)
    i.UART_SetConfig                         0x08001228   Section        0  stm32f1xx_hal_uart.o(i.UART_SetConfig)
    UART_SetConfig                           0x08001229   Thumb Code   666  stm32f1xx_hal_uart.o(i.UART_SetConfig)
    i.UART_Transmit_IT                       0x080014c8   Section        0  stm32f1xx_hal_uart.o(i.UART_Transmit_IT)
    UART_Transmit_IT                         0x080014c9   Thumb Code    98  stm32f1xx_hal_uart.o(i.UART_Transmit_IT)
    i.UART_WaitOnFlagUntilTimeout            0x0800152a   Section        0  stm32f1xx_hal_uart.o(i.UART_WaitOnFlagUntilTimeout)
    UART_WaitOnFlagUntilTimeout              0x0800152b   Thumb Code   100  stm32f1xx_hal_uart.o(i.UART_WaitOnFlagUntilTimeout)
    i.USART1_IRQHandler                      0x08001590   Section        0  stm32f1xx_it.o(i.USART1_IRQHandler)
    i.USART2_IRQHandler                      0x0800159c   Section        0  stm32f1xx_it.o(i.USART2_IRQHandler)
    i.UsageFault_Handler                     0x080015a8   Section        0  stm32f1xx_it.o(i.UsageFault_Handler)
    i.__scatterload_copy                     0x080015aa   Section       14  handlers.o(i.__scatterload_copy)
    i.__scatterload_null                     0x080015b8   Section        2  handlers.o(i.__scatterload_null)
    i.__scatterload_zeroinit                 0x080015ba   Section       14  handlers.o(i.__scatterload_zeroinit)
    i.main                                   0x080015c8   Section        0  main.o(i.main)
    i.print_str                              0x08001680   Section        0  uart.o(i.print_str)
    i.uart_send_message                      0x080016a0   Section        0  uart.o(i.uart_send_message)
    .constdata                               0x080016bc   Section       16  system_stm32f1xx.o(.constdata)
    .constdata                               0x080016cc   Section        8  system_stm32f1xx.o(.constdata)
    .data                                    0x20000000   Section       12  stm32f1xx_hal.o(.data)
    .data                                    0x2000000c   Section        4  system_stm32f1xx.o(.data)
    .bss                                     0x20000010   Section      300  main.o(.bss)
    STACK                                    0x20000140   Section     1024  startup_stm32f100xb.o(STACK)

    Global Symbols

    Symbol Name                              Value     Ov Type        Size  Object(Section)

    BuildAttributes$$THM_ISAv4$P$D$K$B$S$PE$A:L22UL41UL21$X:L11$S22US41US21$IEEE1$IW$USESV6$~STKCKD$USESV7$~SHL$OSPACE$EBA8$MICROLIB$REQ8$PRES8$EABIv2 0x00000000   Number         0  anon$$obj.o ABSOLUTE
    __ARM_use_no_argv                        0x00000000   Number         0  main.o ABSOLUTE
    __cpp_initialize__aeabi_                  - Undefined Weak Reference
    __cxa_finalize                            - Undefined Weak Reference
    __decompress                              - Undefined Weak Reference
    _clock_init                               - Undefined Weak Reference
    _microlib_exit                            - Undefined Weak Reference
    __Vectors_Size                           0x00000120   Number         0  startup_stm32f100xb.o ABSOLUTE
    __Vectors                                0x08000000   Data           4  startup_stm32f100xb.o(RESET)
    __Vectors_End                            0x08000120   Data           0  startup_stm32f100xb.o(RESET)
    __main                                   0x08000121   Thumb Code     0  entry.o(.ARM.Collect$$$$00000000)
    _main_stk                                0x08000121   Thumb Code     0  entry2.o(.ARM.Collect$$$$00000001)
    _main_scatterload                        0x08000125   Thumb Code     0  entry5.o(.ARM.Collect$$$$00000004)
    __main_after_scatterload                 0x08000129   Thumb Code     0  entry5.o(.ARM.Collect$$$$00000004)
    _main_clock                              0x08000129   Thumb Code     0  entry7b.o(.ARM.Collect$$$$00000008)
    _main_cpp_init                           0x08000129   Thumb Code     0  entry8b.o(.ARM.Collect$$$$0000000A)
    _main_init                               0x08000129   Thumb Code     0  entry9a.o(.ARM.Collect$$$$0000000B)
    __rt_final_cpp                           0x08000131   Thumb Code     0  entry10a.o(.ARM.Collect$$$$0000000D)
    __rt_final_exit                          0x08000131   Thumb Code     0  entry11a.o(.ARM.Collect$$$$0000000F)
    Reset_Handler                            0x08000135   Thumb Code     8  startup_stm32f100xb.o(.text)
    ADC1_IRQHandler                          0x0800014f   Thumb Code     0  startup_stm32f100xb.o(.text)
    CEC_IRQHandler                           0x0800014f   Thumb Code     0  startup_stm32f100xb.o(.text)
    DMA1_Channel1_IRQHandler                 0x0800014f   Thumb Code     0  startup_stm32f100xb.o(.text)
    DMA1_Channel2_IRQHandler                 0x0800014f   Thumb Code     0  startup_stm32f100xb.o(.text)
    DMA1_Channel3_IRQHandler                 0x0800014f   Thumb Code     0  startup_stm32f100xb.o(.text)
    DMA1_Channel4_IRQHandler                 0x0800014f   Thumb Code     0  startup_stm32f100xb.o(.text)
    DMA1_Channel5_IRQHandler                 0x0800014f   Thumb Code     0  startup_stm32f100xb.o(.text)
    DMA1_Channel6_IRQHandler                 0x0800014f   Thumb Code     0  startup_stm32f100xb.o(.text)
    DMA1_Channel7_IRQHandler                 0x0800014f   Thumb Code     0  startup_stm32f100xb.o(.text)
    EXTI0_IRQHandler                         0x0800014f   Thumb Code     0  startup_stm32f100xb.o(.text)
    EXTI15_10_IRQHandler                     0x0800014f   Thumb Code     0  startup_stm32f100xb.o(.text)
    EXTI1_IRQHandler                         0x0800014f   Thumb Code     0  startup_stm32f100xb.o(.text)
    EXTI2_IRQHandler                         0x0800014f   Thumb Code     0  startup_stm32f100xb.o(.text)
    EXTI3_IRQHandler                         0x0800014f   Thumb Code     0  startup_stm32f100xb.o(.text)
    EXTI4_IRQHandler                         0x0800014f   Thumb Code     0  startup_stm32f100xb.o(.text)
    EXTI9_5_IRQHandler                       0x0800014f   Thumb Code     0  startup_stm32f100xb.o(.text)
    FLASH_IRQHandler                         0x0800014f   Thumb Code     0  startup_stm32f100xb.o(.text)
    I2C1_ER_IRQHandler                       0x0800014f   Thumb Code     0  startup_stm32f100xb.o(.text)
    I2C1_EV_IRQHandler                       0x0800014f   Thumb Code     0  startup_stm32f100xb.o(.text)
    I2C2_ER_IRQHandler                       0x0800014f   Thumb Code     0  startup_stm32f100xb.o(.text)
    I2C2_EV_IRQHandler                       0x0800014f   Thumb Code     0  startup_stm32f100xb.o(.text)
    PVD_IRQHandler                           0x0800014f   Thumb Code     0  startup_stm32f100xb.o(.text)
    RCC_IRQHandler                           0x0800014f   Thumb Code     0  startup_stm32f100xb.o(.text)
    RTC_Alarm_IRQHandler                     0x0800014f   Thumb Code     0  startup_stm32f100xb.o(.text)
    RTC_IRQHandler                           0x0800014f   Thumb Code     0  startup_stm32f100xb.o(.text)
    SPI1_IRQHandler                          0x0800014f   Thumb Code     0  startup_stm32f100xb.o(.text)
    SPI2_IRQHandler                          0x0800014f   Thumb Code     0  startup_stm32f100xb.o(.text)
    TAMPER_IRQHandler                        0x0800014f   Thumb Code     0  startup_stm32f100xb.o(.text)
    TIM1_BRK_TIM15_IRQHandler                0x0800014f   Thumb Code     0  startup_stm32f100xb.o(.text)
    TIM1_CC_IRQHandler                       0x0800014f   Thumb Code     0  startup_stm32f100xb.o(.text)
    TIM1_TRG_COM_TIM17_IRQHandler            0x0800014f   Thumb Code     0  startup_stm32f100xb.o(.text)
    TIM1_UP_TIM16_IRQHandler                 0x0800014f   Thumb Code     0  startup_stm32f100xb.o(.text)
    TIM2_IRQHandler                          0x0800014f   Thumb Code     0  startup_stm32f100xb.o(.text)
    TIM3_IRQHandler                          0x0800014f   Thumb Code     0  startup_stm32f100xb.o(.text)
    TIM4_IRQHandler                          0x0800014f   Thumb Code     0  startup_stm32f100xb.o(.text)
    TIM6_DAC_IRQHandler                      0x0800014f   Thumb Code     0  startup_stm32f100xb.o(.text)
    TIM7_IRQHandler                          0x0800014f   Thumb Code     0  startup_stm32f100xb.o(.text)
    USART3_IRQHandler                        0x0800014f   Thumb Code     0  startup_stm32f100xb.o(.text)
    WWDG_IRQHandler                          0x0800014f   Thumb Code     0  startup_stm32f100xb.o(.text)
    __aeabi_memset                           0x08000159   Thumb Code    14  memseta.o(.text)
    __aeabi_memset4                          0x08000159   Thumb Code     0  memseta.o(.text)
    __aeabi_memset8                          0x08000159   Thumb Code     0  memseta.o(.text)
    __aeabi_memclr                           0x08000167   Thumb Code     4  memseta.o(.text)
    __aeabi_memclr4                          0x08000167   Thumb Code     0  memseta.o(.text)
    __aeabi_memclr8                          0x08000167   Thumb Code     0  memseta.o(.text)
    _memset$wrapper                          0x0800016b   Thumb Code    18  memseta.o(.text)
    strlen                                   0x0800017d   Thumb Code    14  strlen.o(.text)
    __scatterload                            0x0800018d   Thumb Code    28  init.o(.text)
    __scatterload_rt2                        0x0800018d   Thumb Code     0  init.o(.text)
    BusFault_Handler                         0x080001b1   Thumb Code     2  stm32f1xx_it.o(i.BusFault_Handler)
    DebugMon_Handler                         0x080001b3   Thumb Code     2  stm32f1xx_it.o(i.DebugMon_Handler)
    HAL_DMA_Abort_IT                         0x080001b5   Thumb Code   148  stm32f1xx_hal_dma.o(i.HAL_DMA_Abort_IT)
    HAL_GPIO_Init                            0x0800024d   Thumb Code   408  stm32f1xx_hal_gpio.o(i.HAL_GPIO_Init)
    HAL_GPIO_ReadPin                         0x08000409   Thumb Code    10  stm32f1xx_hal_gpio.o(i.HAL_GPIO_ReadPin)
    HAL_GPIO_WritePin                        0x08000413   Thumb Code    10  stm32f1xx_hal_gpio.o(i.HAL_GPIO_WritePin)
    HAL_GetTick                              0x0800041d   Thumb Code     6  stm32f1xx_hal.o(i.HAL_GetTick)
    HAL_I2C_Init                             0x08000429   Thumb Code   302  stm32f1xx_hal_i2c.o(i.HAL_I2C_Init)
    HAL_I2C_MspInit                          0x08000569   Thumb Code    80  stm32f1xx_hal_msp.o(i.HAL_I2C_MspInit)
    HAL_IncTick                              0x080005c5   Thumb Code    12  stm32f1xx_hal.o(i.HAL_IncTick)
    HAL_Init                                 0x080005d5   Thumb Code    22  stm32f1xx_hal.o(i.HAL_Init)
    HAL_InitTick                             0x080005ed   Thumb Code    54  stm32f1xx_hal.o(i.HAL_InitTick)
    HAL_MspInit                              0x0800062d   Thumb Code    52  stm32f1xx_hal_msp.o(i.HAL_MspInit)
    HAL_NVIC_EnableIRQ                       0x08000669   Thumb Code    22  stm32f1xx_hal_cortex.o(i.HAL_NVIC_EnableIRQ)
    HAL_NVIC_SetPriority                     0x08000681   Thumb Code    60  stm32f1xx_hal_cortex.o(i.HAL_NVIC_SetPriority)
    HAL_NVIC_SetPriorityGrouping             0x080006c1   Thumb Code    26  stm32f1xx_hal_cortex.o(i.HAL_NVIC_SetPriorityGrouping)
    HAL_RCC_ClockConfig                      0x080006e5   Thumb Code   262  stm32f1xx_hal_rcc.o(i.HAL_RCC_ClockConfig)
    HAL_RCC_GetPCLK1Freq                     0x080007f9   Thumb Code    20  stm32f1xx_hal_rcc.o(i.HAL_RCC_GetPCLK1Freq)
    HAL_RCC_GetPCLK2Freq                     0x08000819   Thumb Code    20  stm32f1xx_hal_rcc.o(i.HAL_RCC_GetPCLK2Freq)
    HAL_RCC_GetSysClockFreq                  0x08000839   Thumb Code    80  stm32f1xx_hal_rcc.o(i.HAL_RCC_GetSysClockFreq)
    HAL_RCC_OscConfig                        0x080008b5   Thumb Code   750  stm32f1xx_hal_rcc.o(i.HAL_RCC_OscConfig)
    HAL_SPI_Init                             0x08000bb9   Thumb Code   120  stm32f1xx_hal_spi_ex.o(i.HAL_SPI_Init)
    HAL_SPI_MspInit                          0x08000c31   Thumb Code    98  stm32f1xx_hal_msp.o(i.HAL_SPI_MspInit)
    HAL_SYSTICK_Config                       0x08000ca1   Thumb Code    40  stm32f1xx_hal_cortex.o(i.HAL_SYSTICK_Config)
    HAL_UART_ErrorCallback                   0x08000cc9   Thumb Code     2  stm32f1xx_hal_uart.o(i.HAL_UART_ErrorCallback)
    HAL_UART_IRQHandler                      0x08000ccd   Thumb Code   266  stm32f1xx_hal_uart.o(i.HAL_UART_IRQHandler)
    HAL_UART_Init                            0x08000ddd   Thumb Code    98  stm32f1xx_hal_uart.o(i.HAL_UART_Init)
    HAL_UART_MspInit                         0x08000e41   Thumb Code   198  stm32f1xx_hal_msp.o(i.HAL_UART_MspInit)
    HAL_UART_RxCpltCallback                  0x08000f19   Thumb Code     2  stm32f1xx_hal_uart.o(i.HAL_UART_RxCpltCallback)
    HAL_UART_Transmit                        0x08000f1b   Thumb Code   186  stm32f1xx_hal_uart.o(i.HAL_UART_Transmit)
    HAL_UART_TxCpltCallback                  0x08000fd5   Thumb Code     2  stm32f1xx_hal_uart.o(i.HAL_UART_TxCpltCallback)
    HardFault_Handler                        0x08000fd7   Thumb Code     2  stm32f1xx_it.o(i.HardFault_Handler)
    MemManage_Handler                        0x080010a1   Thumb Code     2  stm32f1xx_it.o(i.MemManage_Handler)
    NMI_Handler                              0x080010a3   Thumb Code     2  stm32f1xx_it.o(i.NMI_Handler)
    PendSV_Handler                           0x080010c5   Thumb Code     2  stm32f1xx_it.o(i.PendSV_Handler)
    SVC_Handler                              0x080010c7   Thumb Code     2  stm32f1xx_it.o(i.SVC_Handler)
    SysTick_Handler                          0x080010c9   Thumb Code     4  stm32f1xx_it.o(i.SysTick_Handler)
    SystemClock_Config                       0x080010cd   Thumb Code    76  main.o(i.SystemClock_Config)
    SystemInit                               0x08001119   Thumb Code    60  system_stm32f1xx.o(i.SystemInit)
    USART1_IRQHandler                        0x08001591   Thumb Code     6  stm32f1xx_it.o(i.USART1_IRQHandler)
    USART2_IRQHandler                        0x0800159d   Thumb Code     6  stm32f1xx_it.o(i.USART2_IRQHandler)
    UsageFault_Handler                       0x080015a9   Thumb Code     2  stm32f1xx_it.o(i.UsageFault_Handler)
    __scatterload_copy                       0x080015ab   Thumb Code    14  handlers.o(i.__scatterload_copy)
    __scatterload_null                       0x080015b9   Thumb Code     2  handlers.o(i.__scatterload_null)
    __scatterload_zeroinit                   0x080015bb   Thumb Code    14  handlers.o(i.__scatterload_zeroinit)
    main                                     0x080015c9   Thumb Code   144  main.o(i.main)
    print_str                                0x08001681   Thumb Code    30  uart.o(i.print_str)
    uart_send_message                        0x080016a1   Thumb Code    22  uart.o(i.uart_send_message)
    AHBPrescTable                            0x080016bc   Data          16  system_stm32f1xx.o(.constdata)
    APBPrescTable                            0x080016cc   Data           8  system_stm32f1xx.o(.constdata)
    Region$$Table$$Base                      0x080016d4   Number         0  anon$$obj.o(Region$$Table)
    Region$$Table$$Limit                     0x080016f4   Number         0  anon$$obj.o(Region$$Table)
    uwTickFreq                               0x20000000   Data           1  stm32f1xx_hal.o(.data)
    uwTickPrio                               0x20000004   Data           4  stm32f1xx_hal.o(.data)
    uwTick                                   0x20000008   Data           4  stm32f1xx_hal.o(.data)
    SystemCoreClock                          0x2000000c   Data           4  system_stm32f1xx.o(.data)
    hi2c1                                    0x20000010   Data          84  main.o(.bss)
    hspi1                                    0x20000064   Data          88  main.o(.bss)
    huart1                                   0x200000bc   Data          64  main.o(.bss)
    huart2                                   0x200000fc   Data          64  main.o(.bss)
    __initial_sp                             0x20000540   Data           0  startup_stm32f100xb.o(STACK)



==============================================================================

Memory Map of the image

  Image Entry point : 0x08000121

  Load Region LR_IROM1 (Base: 0x08000000, Size: 0x00001704, Max: 0x00020000, ABSOLUTE)

    Execution Region ER_IROM1 (Exec base: 0x08000000, Load base: 0x08000000, Size: 0x000016f4, Max: 0x00020000, ABSOLUTE)

    Exec Addr    Load Addr    Size         Type   Attr      Idx    E Section Name        Object

    0x08000000   0x08000000   0x00000120   Data   RO            3    RESET               startup_stm32f100xb.o
    0x08000120   0x08000120   0x00000000   Code   RO         2481  * .ARM.Collect$$$$00000000  mc_w.l(entry.o)
    0x08000120   0x08000120   0x00000004   Code   RO         2490    .ARM.Collect$$$$00000001  mc_w.l(entry2.o)
    0x08000124   0x08000124   0x00000004   Code   RO         2493    .ARM.Collect$$$$00000004  mc_w.l(entry5.o)
    0x08000128   0x08000128   0x00000000   Code   RO         2495    .ARM.Collect$$$$00000008  mc_w.l(entry7b.o)
    0x08000128   0x08000128   0x00000000   Code   RO         2497    .ARM.Collect$$$$0000000A  mc_w.l(entry8b.o)
    0x08000128   0x08000128   0x00000008   Code   RO         2498    .ARM.Collect$$$$0000000B  mc_w.l(entry9a.o)
    0x08000130   0x08000130   0x00000000   Code   RO         2500    .ARM.Collect$$$$0000000D  mc_w.l(entry10a.o)
    0x08000130   0x08000130   0x00000000   Code   RO         2502    .ARM.Collect$$$$0000000F  mc_w.l(entry11a.o)
    0x08000130   0x08000130   0x00000004   Code   RO         2491    .ARM.Collect$$$$00002712  mc_w.l(entry2.o)
    0x08000134   0x08000134   0x00000024   Code   RO            4    .text               startup_stm32f100xb.o
    0x08000158   0x08000158   0x00000024   Code   RO         2486    .text               mc_w.l(memseta.o)
    0x0800017c   0x0800017c   0x0000000e   Code   RO         2488    .text               mc_w.l(strlen.o)
    0x0800018a   0x0800018a   0x00000002   PAD
    0x0800018c   0x0800018c   0x00000024   Code   RO         2504    .text               mc_w.l(init.o)
    0x080001b0   0x080001b0   0x00000002   Code   RO          151    i.BusFault_Handler  stm32f1xx_it.o
    0x080001b2   0x080001b2   0x00000002   Code   RO          152    i.DebugMon_Handler  stm32f1xx_it.o
    0x080001b4   0x080001b4   0x00000098   Code   RO         1923    i.HAL_DMA_Abort_IT  stm32f1xx_hal_dma.o
    0x0800024c   0x0800024c   0x000001bc   Code   RO         1858    i.HAL_GPIO_Init     stm32f1xx_hal_gpio.o
    0x08000408   0x08000408   0x0000000a   Code   RO         1860    i.HAL_GPIO_ReadPin  stm32f1xx_hal_gpio.o
    0x08000412   0x08000412   0x0000000a   Code   RO         1862    i.HAL_GPIO_WritePin  stm32f1xx_hal_gpio.o
    0x0800041c   0x0800041c   0x0000000c   Code   RO         1566    i.HAL_GetTick       stm32f1xx_hal.o
    0x08000428   0x08000428   0x00000140   Code   RO          459    i.HAL_I2C_Init      stm32f1xx_hal_i2c.o
    0x08000568   0x08000568   0x0000005c   Code   RO          315    i.HAL_I2C_MspInit   stm32f1xx_hal_msp.o
    0x080005c4   0x080005c4   0x00000010   Code   RO         1570    i.HAL_IncTick       stm32f1xx_hal.o
    0x080005d4   0x080005d4   0x00000016   Code   RO         1571    i.HAL_Init          stm32f1xx_hal.o
    0x080005ea   0x080005ea   0x00000002   PAD
    0x080005ec   0x080005ec   0x00000040   Code   RO         1572    i.HAL_InitTick      stm32f1xx_hal.o
    0x0800062c   0x0800062c   0x0000003c   Code   RO          316    i.HAL_MspInit       stm32f1xx_hal_msp.o
    0x08000668   0x08000668   0x00000016   Code   RO         2018    i.HAL_NVIC_EnableIRQ  stm32f1xx_hal_cortex.o
    0x0800067e   0x0800067e   0x00000002   PAD
    0x08000680   0x08000680   0x00000040   Code   RO         2024    i.HAL_NVIC_SetPriority  stm32f1xx_hal_cortex.o
    0x080006c0   0x080006c0   0x00000024   Code   RO         2025    i.HAL_NVIC_SetPriorityGrouping  stm32f1xx_hal_cortex.o
    0x080006e4   0x080006e4   0x00000114   Code   RO         1718    i.HAL_RCC_ClockConfig  stm32f1xx_hal_rcc.o
    0x080007f8   0x080007f8   0x00000020   Code   RO         1725    i.HAL_RCC_GetPCLK1Freq  stm32f1xx_hal_rcc.o
    0x08000818   0x08000818   0x00000020   Code   RO         1726    i.HAL_RCC_GetPCLK2Freq  stm32f1xx_hal_rcc.o
    0x08000838   0x08000838   0x0000007c   Code   RO         1727    i.HAL_RCC_GetSysClockFreq  stm32f1xx_hal_rcc.o
    0x080008b4   0x080008b4   0x00000304   Code   RO         1730    i.HAL_RCC_OscConfig  stm32f1xx_hal_rcc.o
    0x08000bb8   0x08000bb8   0x00000078   Code   RO         1169    i.HAL_SPI_Init      stm32f1xx_hal_spi_ex.o
    0x08000c30   0x08000c30   0x00000070   Code   RO          318    i.HAL_SPI_MspInit   stm32f1xx_hal_msp.o
    0x08000ca0   0x08000ca0   0x00000028   Code   RO         2029    i.HAL_SYSTICK_Config  stm32f1xx_hal_cortex.o
    0x08000cc8   0x08000cc8   0x00000002   Code   RO         1250    i.HAL_UART_ErrorCallback  stm32f1xx_hal_uart.o
    0x08000cca   0x08000cca   0x00000002   PAD
    0x08000ccc   0x08000ccc   0x00000110   Code   RO         1253    i.HAL_UART_IRQHandler  stm32f1xx_hal_uart.o
    0x08000ddc   0x08000ddc   0x00000062   Code   RO         1254    i.HAL_UART_Init     stm32f1xx_hal_uart.o
    0x08000e3e   0x08000e3e   0x00000002   PAD
    0x08000e40   0x08000e40   0x000000d8   Code   RO          320    i.HAL_UART_MspInit  stm32f1xx_hal_msp.o
    0x08000f18   0x08000f18   0x00000002   Code   RO         1260    i.HAL_UART_RxCpltCallback  stm32f1xx_hal_uart.o
    0x08000f1a   0x08000f1a   0x000000ba   Code   RO         1262    i.HAL_UART_Transmit  stm32f1xx_hal_uart.o
    0x08000fd4   0x08000fd4   0x00000002   Code   RO         1265    i.HAL_UART_TxCpltCallback  stm32f1xx_hal_uart.o
    0x08000fd6   0x08000fd6   0x00000002   Code   RO          153    i.HardFault_Handler  stm32f1xx_it.o
    0x08000fd8   0x08000fd8   0x00000094   Code   RO           14    i.MX_GPIO_Init      main.o
    0x0800106c   0x0800106c   0x00000034   Code   RO           15    i.MX_SPI1_Init      main.o
    0x080010a0   0x080010a0   0x00000002   Code   RO          154    i.MemManage_Handler  stm32f1xx_it.o
    0x080010a2   0x080010a2   0x00000002   Code   RO          155    i.NMI_Handler       stm32f1xx_it.o
    0x080010a4   0x080010a4   0x00000020   Code   RO         2031    i.NVIC_SetPriority  stm32f1xx_hal_cortex.o
    0x080010c4   0x080010c4   0x00000002   Code   RO          156    i.PendSV_Handler    stm32f1xx_it.o
    0x080010c6   0x080010c6   0x00000002   Code   RO          157    i.SVC_Handler       stm32f1xx_it.o
    0x080010c8   0x080010c8   0x00000004   Code   RO          158    i.SysTick_Handler   stm32f1xx_it.o
    0x080010cc   0x080010cc   0x0000004c   Code   RO           16    i.SystemClock_Config  main.o
    0x08001118   0x08001118   0x0000004c   Code   RO         2447    i.SystemInit        system_stm32f1xx.o
    0x08001164   0x08001164   0x00000010   Code   RO         1267    i.UART_DMAAbortOnError  stm32f1xx_hal_uart.o
    0x08001174   0x08001174   0x0000001c   Code   RO         1277    i.UART_EndRxTransfer  stm32f1xx_hal_uart.o
    0x08001190   0x08001190   0x00000096   Code   RO         1279    i.UART_Receive_IT   stm32f1xx_hal_uart.o
    0x08001226   0x08001226   0x00000002   PAD
    0x08001228   0x08001228   0x000002a0   Code   RO         1280    i.UART_SetConfig    stm32f1xx_hal_uart.o
    0x080014c8   0x080014c8   0x00000062   Code   RO         1281    i.UART_Transmit_IT  stm32f1xx_hal_uart.o
    0x0800152a   0x0800152a   0x00000064   Code   RO         1282    i.UART_WaitOnFlagUntilTimeout  stm32f1xx_hal_uart.o
    0x0800158e   0x0800158e   0x00000002   PAD
    0x08001590   0x08001590   0x0000000c   Code   RO          159    i.USART1_IRQHandler  stm32f1xx_it.o
    0x0800159c   0x0800159c   0x0000000c   Code   RO          160    i.USART2_IRQHandler  stm32f1xx_it.o
    0x080015a8   0x080015a8   0x00000002   Code   RO          161    i.UsageFault_Handler  stm32f1xx_it.o
    0x080015aa   0x080015aa   0x0000000e   Code   RO         2508    i.__scatterload_copy  mc_w.l(handlers.o)
    0x080015b8   0x080015b8   0x00000002   Code   RO         2509    i.__scatterload_null  mc_w.l(handlers.o)
    0x080015ba   0x080015ba   0x0000000e   Code   RO         2510    i.__scatterload_zeroinit  mc_w.l(handlers.o)
    0x080015c8   0x080015c8   0x000000b8   Code   RO           17    i.main              main.o
    0x08001680   0x08001680   0x0000001e   Code   RO          374    i.print_str         uart.o
    0x0800169e   0x0800169e   0x00000002   PAD
    0x080016a0   0x080016a0   0x0000001c   Code   RO          375    i.uart_send_message  uart.o
    0x080016bc   0x080016bc   0x00000010   Data   RO         2448    .constdata          system_stm32f1xx.o
    0x080016cc   0x080016cc   0x00000008   Data   RO         2449    .constdata          system_stm32f1xx.o
    0x080016d4   0x080016d4   0x00000020   Data   RO         2506    Region$$Table       anon$$obj.o


    Execution Region RW_IRAM1 (Exec base: 0x20000000, Load base: 0x080016f4, Size: 0x00000540, Max: 0x00002000, ABSOLUTE)

    Exec Addr    Load Addr    Size         Type   Attr      Idx    E Section Name        Object

    0x20000000   0x080016f4   0x0000000c   Data   RW         1578    .data               stm32f1xx_hal.o
    0x2000000c   0x08001700   0x00000004   Data   RW         2450    .data               system_stm32f1xx.o
    0x20000010        -       0x0000012c   Zero   RW           18    .bss                main.o
    0x2000013c   0x08001704   0x00000004   PAD
    0x20000140        -       0x00000400   Zero   RW            1    STACK               startup_stm32f100xb.o


==============================================================================

Image component sizes


      Code (inc. data)   RO Data    RW Data    ZI Data      Debug   Object Name

       460         60          0          0        300     273572   main.o
        36          8        288          0       1024        812   startup_stm32f100xb.o
       114         20          0         12          0       5849   stm32f1xx_hal.o
       194         14          0          0          0      25819   stm32f1xx_hal_cortex.o
       152          4          0          0          0       1123   stm32f1xx_hal_dma.o
       464         36          0          0          0       3551   stm32f1xx_hal_gpio.o
       320         18          0          0          0       2939   stm32f1xx_hal_i2c.o
       480         52          0          0          0       3077   stm32f1xx_hal_msp.o
      1236        104          0          0          0       5172   stm32f1xx_hal_rcc.o
       120          0          0          0          0       1083   stm32f1xx_hal_spi_ex.o
      1626         12          0          0          0       9235   stm32f1xx_hal_uart.o
        44         12          0          0          0     271710   stm32f1xx_it.o
        76         16         24          4          0       1191   system_stm32f1xx.o
        58          6          0          0          0       1619   uart.o

    ----------------------------------------------------------------------
      5394        362        344         16       1328     606752   Object Totals
         0          0         32          0          0          0   (incl. Generated)
        14          0          0          0          4          0   (incl. Padding)

    ----------------------------------------------------------------------

      Code (inc. data)   RO Data    RW Data    ZI Data      Debug   Library Member Name

         0          0          0          0          0          0   entry.o
         0          0          0          0          0          0   entry10a.o
         0          0          0          0          0          0   entry11a.o
         8          4          0          0          0          0   entry2.o
         4          0          0          0          0          0   entry5.o
         0          0          0          0          0          0   entry7b.o
         0          0          0          0          0          0   entry8b.o
         8          4          0          0          0          0   entry9a.o
        30          0          0          0          0          0   handlers.o
        36          8          0          0          0         68   init.o
        36          0          0          0          0        108   memseta.o
        14          0          0          0          0         68   strlen.o

    ----------------------------------------------------------------------
       138         16          0          0          0        244   Library Totals
         2          0          0          0          0          0   (incl. Padding)

    ----------------------------------------------------------------------

      Code (inc. data)   RO Data    RW Data    ZI Data      Debug   Library Name

       136         16          0          0          0        244   mc_w.l

    ----------------------------------------------------------------------
       138         16          0          0          0        244   Library Totals

    ----------------------------------------------------------------------

==============================================================================


      Code (inc. data)   RO Data    RW Data    ZI Data      Debug   

      5532        378        344         16       1328     604548   Grand Totals
      5532        378        344         16       1328     604548   ELF Image Totals
      5532        378        344         16          0          0   ROM Totals

==============================================================================

    Total RO  Size (Code + RO Data)                 5876 (   5.74kB)
    Total RW  Size (RW Data + ZI Data)              1344 (   1.31kB)
    Total ROM Size (Code + RO Data + RW Data)       5892 (   5.75kB)

==============================================================================

