<html>
<body>
<pre>
<h1>µVision Build Log</h1>
<h2>Tool Versions:</h2>
IDE-Version: µVision V5.27.0.0
Copyright (C) 2018 ARM Ltd and ARM Germany GmbH. All rights reserved.
License Information: Natnael Alemu, uregina, LIC=----
 
Tool Versions:
Toolchain:       MDK-Lite  Version: 5.27.0.0
Toolchain Path:  C:\Keil_v5\ARM\ARMCC\Bin
C Compiler:      Armcc.exe V5.06 update 6 (build 750)
Assembler:       Armasm.exe V5.06 update 6 (build 750)
Linker/Locator:  ArmLink.exe V5.06 update 6 (build 750)
Library Manager: ArmAr.exe V5.06 update 6 (build 750)
Hex Converter:   FromElf.exe V5.06 update 6 (build 750)
CPU DLL:         SARMCM3.DLL V5.27.0.0
Dialog DLL:      DCM.DLL V1.17.2.0
Target DLL:      STLink\ST-LINKIII-KEIL_SWO.dll V3.0.5.0
Dialog DLL:      TCM.DLL V1.36.1.0
 
<h2>Project:</h2>
G:\Project\test\Acc-xbee\ACC-Xbee\MDK-ARM\ACC-Xbee.uvprojx
Project File Date:  02/17/2019

<h2>Output:</h2>
*** Using Compiler 'V5.06 update 6 (build 750)', folder: 'C:\Keil_v5\ARM\ARMCC\Bin'
Rebuild target 'ACC-Xbee'
assembling startup_stm32f100xb.s...
compiling uart.c...
compiling accel_i2c.c...
..\Src\accel_i2c.c(96): warning:  #940-D: missing return statement at end of non-void function "getAccel" 
  }
..\Src\accel_i2c.c(61): warning:  #550-D: variable "accel_x"  was set but never used
  	int16_t accel_x, accel_y, accel_z;
..\Src\accel_i2c.c(61): warning:  #550-D: variable "accel_y"  was set but never used
  	int16_t accel_x, accel_y, accel_z;
..\Src\accel_i2c.c(83): warning:  #177-D: variable "z1"  was declared but never referenced
  float z1 = 2.596;
..\Src\accel_i2c.c(106): warning:  #177-D: variable "accel_x"  was declared but never referenced
  	int16_t accel_x, accel_y, accel_z;
..\Src\accel_i2c.c(106): warning:  #177-D: variable "accel_y"  was declared but never referenced
  	int16_t accel_x, accel_y, accel_z;
..\Src\accel_i2c.c(110): warning:  #550-D: variable "accelerometer_to_send_to_xbee"  was set but never used
  	uint8_t accelerometer_to_send_to_xbee[2];
..\Src\accel_i2c.c: 7 warnings, 0 errors
compiling main.c...
../Inc/xbee.h(6): warning:  #1-D: last line of file ends without a newline
  	
../Src/main.c: 1 warning, 0 errors
compiling stm32f1xx_it.c...
compiling stm32f1xx_hal_gpio_ex.c...
compiling stm32f1xx_hal_msp.c...
compiling stm32f1xx_hal_spi_ex.c...
compiling stm32f1xx_hal_spi.c...
compiling stm32f1xx_hal_i2c.c...
compiling stm32f1xx_hal_tim.c...
compiling stm32f1xx_hal_tim_ex.c...
compiling stm32f1xx_hal.c...
compiling stm32f1xx_hal_uart.c...
compiling stm32f1xx_hal_rcc.c...
compiling stm32f1xx_hal_rcc_ex.c...
compiling stm32f1xx_hal_gpio.c...
compiling stm32f1xx_hal_dma.c...
compiling stm32f1xx_hal_cortex.c...
compiling stm32f1xx_hal_pwr.c...
compiling stm32f1xx_hal_flash.c...
compiling stm32f1xx_hal_flash_ex.c...
compiling system_stm32f1xx.c...
linking...
Program Size: Code=11088 RO-data=344 RW-data=16 ZI-data=1408  
FromELF: creating hex file...
"ACC-Xbee\ACC-Xbee.axf" - 0 Error(s), 8 Warning(s).

<h2>Software Packages used:</h2>

Package Vendor: ARM
                http://www.keil.com/pack/ARM.CMSIS.5.4.0.pack
                ARM.CMSIS.5.4.0
                CMSIS (Cortex Microcontroller Software Interface Standard)
   * Component: CORE Version: 5.1.2

Package Vendor: Keil
                http://www.keil.com/pack/Keil.STM32F1xx_DFP.2.3.0.pack
                Keil.STM32F1xx_DFP.2.3.0
                STMicroelectronics STM32F1 Series Device Support, Drivers and Examples

<h2>Collection of Component include folders:</h2>
  .\RTE\_ACC-Xbee
  C:\Keil_v5\ARM\PACK\ARM\CMSIS\5.4.0\CMSIS\Core\Include
  C:\Keil_v5\ARM\PACK\Keil\STM32F1xx_DFP\2.3.0\Device\Include

<h2>Collection of Component Files used:</h2>

   * Component: ARM::CMSIS:CORE:5.1.2
Build Time Elapsed:  00:00:17
</pre>
</body>
</html>
