<html>
<body>
<pre>
<h1>µVision Build Log</h1>
<h2>Tool Versions:</h2>
IDE-Version: µVision V5.27.0.0
Copyright (C) 2018 ARM Ltd and ARM Germany GmbH. All rights reserved.
License Information: Natnael Alemu, uregina, LIC=----
 
Tool Versions:
Toolchain:       MDK-Lite  Version: 5.27.0.0
Toolchain Path:  C:\Keil_v5\ARM\ARMCC\Bin
C Compiler:      Armcc.exe V5.06 update 6 (build 750)
Assembler:       Armasm.exe V5.06 update 6 (build 750)
Linker/Locator:  ArmLink.exe V5.06 update 6 (build 750)
Library Manager: ArmAr.exe V5.06 update 6 (build 750)
Hex Converter:   FromElf.exe V5.06 update 6 (build 750)
CPU DLL:         SARMCM3.DLL V5.27.0.0
Dialog DLL:      DCM.DLL V1.17.2.0
Target DLL:      STLink\ST-LINKIII-KEIL_SWO.dll V3.0.5.0
Dialog DLL:      TCM.DLL V1.36.1.0
 
<h2>Project:</h2>
G:\Project\test\Accel_test\MDK-ARM\Accel_test.uvprojx
Project File Date:  01/25/2019

<h2>Output:</h2>
*** Using Compiler 'V5.06 update 6 (build 750)', folder: 'C:\Keil_v5\ARM\ARMCC\Bin'
Build target 'Accel_test'
compiling accel_i2c.c...
..\Src\accel_i2c.c(92): warning:  #940-D: missing return statement at end of non-void function "getAccel" 
  }
..\Src\accel_i2c.c(61): warning:  #550-D: variable "accel_x"  was set but never used
  	int16_t accel_x, accel_y, accel_z;
..\Src\accel_i2c.c(61): warning:  #550-D: variable "accel_y"  was set but never used
  	int16_t accel_x, accel_y, accel_z;
..\Src\accel_i2c.c(61): warning:  #550-D: variable "accel_z"  was set but never used
  	int16_t accel_x, accel_y, accel_z;
..\Src\accel_i2c.c(101): warning:  #177-D: variable "hex_tmp"  was declared but never referenced
  	char hex_tmp[33];
..\Src\accel_i2c.c(125): warning:  #177-D: variable "mesg"  was declared but never referenced
  	char mesg[25];
..\Src\accel_i2c.c: 6 warnings, 0 errors
linking...
Program Size: Code=8028 RO-data=344 RW-data=16 ZI-data=1328  
FromELF: creating hex file...
"Accel_test\Accel_test.axf" - 0 Error(s), 6 Warning(s).

<h2>Software Packages used:</h2>

Package Vendor: ARM
                http://www.keil.com/pack/ARM.CMSIS.5.4.0.pack
                ARM.CMSIS.5.4.0
                CMSIS (Cortex Microcontroller Software Interface Standard)
   * Component: CORE Version: 5.1.2

Package Vendor: Keil
                http://www.keil.com/pack/Keil.STM32F1xx_DFP.2.3.0.pack
                Keil.STM32F1xx_DFP.2.3.0
                STMicroelectronics STM32F1 Series Device Support, Drivers and Examples

<h2>Collection of Component include folders:</h2>
  .\RTE\_Accel_test
  C:\Keil_v5\ARM\PACK\ARM\CMSIS\5.4.0\CMSIS\Core\Include
  C:\Keil_v5\ARM\PACK\Keil\STM32F1xx_DFP\2.3.0\Device\Include

<h2>Collection of Component Files used:</h2>

   * Component: ARM::CMSIS:CORE:5.1.2
Build Time Elapsed:  00:00:03
</pre>
</body>
</html>
